Archive member included because of file (symbol)

/home/josepintor/Documentos/gcc-arm-none-eabi-4_9-2015q3/bin/../lib/gcc/arm-none-eabi/4.9.3/../../../../arm-none-eabi/lib/armv6-m/libm.a(lib_a-w_pow.o)
                              _build/SparkFunTSL2561.o (pow)
/home/josepintor/Documentos/gcc-arm-none-eabi-4_9-2015q3/bin/../lib/gcc/arm-none-eabi/4.9.3/../../../../arm-none-eabi/lib/armv6-m/libm.a(lib_a-e_pow.o)
                              /home/josepintor/Documentos/gcc-arm-none-eabi-4_9-2015q3/bin/../lib/gcc/arm-none-eabi/4.9.3/../../../../arm-none-eabi/lib/armv6-m/libm.a(lib_a-w_pow.o) (__ieee754_pow)
/home/josepintor/Documentos/gcc-arm-none-eabi-4_9-2015q3/bin/../lib/gcc/arm-none-eabi/4.9.3/../../../../arm-none-eabi/lib/armv6-m/libm.a(lib_a-e_sqrt.o)
                              /home/josepintor/Documentos/gcc-arm-none-eabi-4_9-2015q3/bin/../lib/gcc/arm-none-eabi/4.9.3/../../../../arm-none-eabi/lib/armv6-m/libm.a(lib_a-e_pow.o) (__ieee754_sqrt)
/home/josepintor/Documentos/gcc-arm-none-eabi-4_9-2015q3/bin/../lib/gcc/arm-none-eabi/4.9.3/../../../../arm-none-eabi/lib/armv6-m/libm.a(lib_a-s_fabs.o)
                              /home/josepintor/Documentos/gcc-arm-none-eabi-4_9-2015q3/bin/../lib/gcc/arm-none-eabi/4.9.3/../../../../arm-none-eabi/lib/armv6-m/libm.a(lib_a-e_pow.o) (fabs)
/home/josepintor/Documentos/gcc-arm-none-eabi-4_9-2015q3/bin/../lib/gcc/arm-none-eabi/4.9.3/../../../../arm-none-eabi/lib/armv6-m/libm.a(lib_a-s_finite.o)
                              /home/josepintor/Documentos/gcc-arm-none-eabi-4_9-2015q3/bin/../lib/gcc/arm-none-eabi/4.9.3/../../../../arm-none-eabi/lib/armv6-m/libm.a(lib_a-w_pow.o) (finite)
/home/josepintor/Documentos/gcc-arm-none-eabi-4_9-2015q3/bin/../lib/gcc/arm-none-eabi/4.9.3/../../../../arm-none-eabi/lib/armv6-m/libm.a(lib_a-s_fpclassify.o)
                              /home/josepintor/Documentos/gcc-arm-none-eabi-4_9-2015q3/bin/../lib/gcc/arm-none-eabi/4.9.3/../../../../arm-none-eabi/lib/armv6-m/libm.a(lib_a-w_pow.o) (__fpclassifyd)
/home/josepintor/Documentos/gcc-arm-none-eabi-4_9-2015q3/bin/../lib/gcc/arm-none-eabi/4.9.3/../../../../arm-none-eabi/lib/armv6-m/libm.a(lib_a-s_lib_ver.o)
                              /home/josepintor/Documentos/gcc-arm-none-eabi-4_9-2015q3/bin/../lib/gcc/arm-none-eabi/4.9.3/../../../../arm-none-eabi/lib/armv6-m/libm.a(lib_a-w_pow.o) (__fdlib_version)
/home/josepintor/Documentos/gcc-arm-none-eabi-4_9-2015q3/bin/../lib/gcc/arm-none-eabi/4.9.3/../../../../arm-none-eabi/lib/armv6-m/libm.a(lib_a-s_matherr.o)
                              /home/josepintor/Documentos/gcc-arm-none-eabi-4_9-2015q3/bin/../lib/gcc/arm-none-eabi/4.9.3/../../../../arm-none-eabi/lib/armv6-m/libm.a(lib_a-w_pow.o) (matherr)
/home/josepintor/Documentos/gcc-arm-none-eabi-4_9-2015q3/bin/../lib/gcc/arm-none-eabi/4.9.3/../../../../arm-none-eabi/lib/armv6-m/libm.a(lib_a-s_nan.o)
                              /home/josepintor/Documentos/gcc-arm-none-eabi-4_9-2015q3/bin/../lib/gcc/arm-none-eabi/4.9.3/../../../../arm-none-eabi/lib/armv6-m/libm.a(lib_a-e_pow.o) (nan)
/home/josepintor/Documentos/gcc-arm-none-eabi-4_9-2015q3/bin/../lib/gcc/arm-none-eabi/4.9.3/../../../../arm-none-eabi/lib/armv6-m/libm.a(lib_a-s_rint.o)
                              /home/josepintor/Documentos/gcc-arm-none-eabi-4_9-2015q3/bin/../lib/gcc/arm-none-eabi/4.9.3/../../../../arm-none-eabi/lib/armv6-m/libm.a(lib_a-w_pow.o) (rint)
/home/josepintor/Documentos/gcc-arm-none-eabi-4_9-2015q3/bin/../lib/gcc/arm-none-eabi/4.9.3/../../../../arm-none-eabi/lib/armv6-m/libm.a(lib_a-s_scalbn.o)
                              /home/josepintor/Documentos/gcc-arm-none-eabi-4_9-2015q3/bin/../lib/gcc/arm-none-eabi/4.9.3/../../../../arm-none-eabi/lib/armv6-m/libm.a(lib_a-e_pow.o) (scalbn)
/home/josepintor/Documentos/gcc-arm-none-eabi-4_9-2015q3/bin/../lib/gcc/arm-none-eabi/4.9.3/../../../../arm-none-eabi/lib/armv6-m/libm.a(lib_a-s_copysign.o)
                              /home/josepintor/Documentos/gcc-arm-none-eabi-4_9-2015q3/bin/../lib/gcc/arm-none-eabi/4.9.3/../../../../arm-none-eabi/lib/armv6-m/libm.a(lib_a-s_scalbn.o) (copysign)
/home/josepintor/Documentos/gcc-arm-none-eabi-4_9-2015q3/bin/../lib/gcc/arm-none-eabi/4.9.3/armv6-m/libgcc.a(_thumb1_case_uqi.o)
                              _build/ble_ambient.o (__gnu_thumb1_case_uqi)
/home/josepintor/Documentos/gcc-arm-none-eabi-4_9-2015q3/bin/../lib/gcc/arm-none-eabi/4.9.3/armv6-m/libgcc.a(_udivsi3.o)
                              _build/SparkFunTSL2561.o (__aeabi_uidiv)
/home/josepintor/Documentos/gcc-arm-none-eabi-4_9-2015q3/bin/../lib/gcc/arm-none-eabi/4.9.3/armv6-m/libgcc.a(_divsi3.o)
                              _build/utils.o (__aeabi_idiv)
/home/josepintor/Documentos/gcc-arm-none-eabi-4_9-2015q3/bin/../lib/gcc/arm-none-eabi/4.9.3/armv6-m/libgcc.a(_dvmd_tls.o)
                              /home/josepintor/Documentos/gcc-arm-none-eabi-4_9-2015q3/bin/../lib/gcc/arm-none-eabi/4.9.3/armv6-m/libgcc.a(_udivsi3.o) (__aeabi_idiv0)
[...]
Memory Configuration

Name             Origin             Length             Attributes
FLASH            0x00016000         0x0002a000         xr
RAM              0x20002000         0x00002000         xrw
*default*        0x00000000         0xffffffff

Linker script and memory map

LOAD /home/josepintor/Documentos/gcc-arm-none-eabi-4_9-2015q3/bin/../lib/gcc/arm-none-eabi/4.9.3/armv6-m/crti.o
LOAD /home/josepintor/Documentos/gcc-arm-none-eabi-4_9-2015q3/bin/../lib/gcc/arm-none-eabi/4.9.3/armv6-m/crtbegin.o
LOAD /home/josepintor/Documentos/gcc-arm-none-eabi-4_9-2015q3/bin/../lib/gcc/arm-none-eabi/4.9.3/../../../../arm-none-eabi/lib/armv6-m/crt0.o
LOAD _build/init.o
LOAD _build/utils.o
LOAD _build/ble_ambient.o
LOAD _build/main.o
LOAD _build/sd_card.o
LOAD _build/SparkFunTSL2561.o
LOAD _build/SparkFunMS1.o
LOAD _build/temp.o
LOAD _build/lum.o
LOAD _build/pr.o
LOAD _build/hum.o
LOAD _build/humsolo.o
LOAD _build/battery.o
LOAD _build/max1161x.o
LOAD _build/mpu9x50.o
LOAD _build/max17048.o
LOAD _build/pca9538.o
LOAD _build/fhp_gpio.o
LOAD _build/nrf_pwm.o
LOAD _build/bme280.o
LOAD _build/SEGGER_RTT.o
LOAD _build/ff.o
LOAD _build/diskio.o
LOAD _build/spi_fhp_master.o
LOAD _build/simple_uart.o
LOAD _build/twi_hw_master.o
LOAD _build/ble_dis.o
LOAD _build/ble_srv_common.o
LOAD _build/softdevice_handler.o
LOAD _build/ble_advdata.o
LOAD _build/ble_conn_params.o
LOAD _build/app_timer.o
LOAD _build/pstorage.o
LOAD _build/device_manager_peripheral.o
LOAD _build/app_gpiote.o
LOAD _build/nrf_delay.o
LOAD _build/app_scheduler.o
LOAD _build/system_nrf51.o
LOAD _build/gcc_startup_nrf51.o
LOAD /home/josepintor/Documentos/gcc-arm-none-eabi-4_9-2015q3/bin/../lib/gcc/arm-none-eabi/4.9.3/../../../../arm-none-eabi/lib/armv6-m/libm.a
START GROUP
LOAD /home/josepintor/Documentos/gcc-arm-none-eabi-4_9-2015q3/bin/../lib/gcc/arm-none-eabi/4.9.3/armv6-m/libgcc.a
LOAD /home/josepintor/Documentos/gcc-arm-none-eabi-4_9-2015q3/bin/../lib/gcc/arm-none-eabi/4.9.3/../../../../arm-none-eabi/lib/armv6-m/libc_nano.a
END GROUP
START GROUP
LOAD /home/josepintor/Documentos/gcc-arm-none-eabi-4_9-2015q3/bin/../lib/gcc/arm-none-eabi/4.9.3/armv6-m/libgcc.a
LOAD /home/josepintor/Documentos/gcc-arm-none-eabi-4_9-2015q3/bin/../lib/gcc/arm-none-eabi/4.9.3/../../../../arm-none-eabi/lib/armv6-m/libc_nano.a
END GROUP
LOAD /home/josepintor/Documentos/gcc-arm-none-eabi-4_9-2015q3/bin/../lib/gcc/arm-none-eabi/4.9.3/armv6-m/crtend.o
LOAD /home/josepintor/Documentos/gcc-arm-none-eabi-4_9-2015q3/bin/../lib/gcc/arm-none-eabi/4.9.3/armv6-m/crtn.o
START GROUP
LOAD /home/josepintor/Documentos/gcc-arm-none-eabi-4_9-2015q3/bin/../lib/gcc/arm-none-eabi/4.9.3/armv6-m/libgcc.a
LOAD /home/josepintor/Documentos/gcc-arm-none-eabi-4_9-2015q3/bin/../lib/gcc/arm-none-eabi/4.9.3/../../../../arm-none-eabi/lib/armv6-m/libc.a
LOAD /home/josepintor/Documentos/gcc-arm-none-eabi-4_9-2015q3/bin/../lib/gcc/arm-none-eabi/4.9.3/../../../../arm-none-eabi/lib/armv6-m/libnosys.a
END GROUP

.text           0x00016000     0xc87b
 *(.Vectors)
 .Vectors       0x00016000       0xc0 _build/gcc_startup_nrf51.o
                0x00016000                __Vectors
 *(.text*)
 .text          0x000160c0       0x78 /home/josepintor/Documentos/gcc-arm-none-eabi-4_9-2015q3/bin/../lib/gcc/arm-none-eabi/4.9.3/../../../../arm-none-eabi/lib/armv6-m/crt0.o
                0x000160c0                _mainCRTStartup
                0x000160c0                _start
 .text.sd_ble_gap_tx_power_set
                0x00016138        0x4 _build/init.o
 .text.sd_ble_gap_appearance_set
                0x0001613c        0x4 _build/init.o
 .text.sd_ble_gap_ppcp_set
                0x00016140        0x4 _build/init.o
 .text.sd_ble_gap_device_name_set
                0x00016144        0x4 _build/init.o
 .text.sd_ble_enable
                0x00016148        0x4 _build/init.o
 .text.sd_ble_opt_set
                0x0001614c        0x4 _build/init.o
 .text.gpio_init
                0x00016150       0x60 _build/init.o
                0x00016150                gpio_init
 .text.leds_init
                0x000161b0       0x28 _build/init.o
                0x000161b0                leds_init
 .text.timers_init
                0x000161d8       0x84 _build/init.o
                0x000161d8                timers_init
 .text.gpiote_init
                0x0001625c       0x78 _build/init.o
                0x0001625c                gpiote_init
 .text.ble_stack_init
                0x000162d4       0x98 _build/init.o
                0x000162d4                ble_stack_init
 .text.scheduler_init
                0x0001636c       0x24 _build/init.o
                0x0001636c                scheduler_init
 .text.device_manager_init
                0x00016390       0x80 _build/init.o
                0x00016390                device_manager_init
 .text.gap_params_init
                0x00016410       0x5c _build/init.o
                0x00016410                gap_params_init
 .text.services_init
                0x0001646c       0x8c _build/init.o
                0x0001646c                services_init
 .text.advertising_init
                0x000164f8       0x4c _build/init.o
                0x000164f8                advertising_init
 .text.conn_params_init
                0x00016544       0x54 _build/init.o
                0x00016544                conn_params_init
 .text.drivers_init
                0x00016598       0xac _build/init.o
                0x00016598                drivers_init
 .text.sensors_init
                0x00016644      0x104 _build/init.o
                0x00016644                sensors_init
 .text.watchdog_init
                0x00016748       0x54 _build/init.o
                0x00016748                watchdog_init
 .text.application_work_start
                0x0001679c       0x74 _build/init.o
                0x0001679c                application_work_start
 .text.application_work_stop
                0x00016810       0x3c _build/init.o
                0x00016810                application_work_stop
 .text.msec_to_ticks
                0x0001684c        0x4 _build/utils.o
                0x0001684c                msec_to_ticks
 .text.check_ble_service_err_code
                0x00016850       0x48 _build/utils.o
                0x00016850                check_ble_service_err_code
 .text.sd_ble_gatts_service_add
                0x00016898        0x4 _build/ble_ambient.o
 .text.sd_ble_gatts_characteristic_add
                0x0001689c        0x4 _build/ble_ambient.o
 .text.sd_ble_gatts_value_set
                0x000168a0        0x4 _build/ble_ambient.o
 .text.sd_ble_gatts_hvx
                0x000168a4        0x4 _build/ble_ambient.o
 .text.sd_ble_uuid_vs_add
                0x000168a8        0x4 _build/ble_ambient.o
 .text.ble_ambient_init
                0x000168ac      0x3f8 _build/ble_ambient.o
                0x000168ac                ble_ambient_init
 .text.ble_ambient_sensor_update
                0x00016ca4       0x94 _build/ble_ambient.o
                0x00016ca4                ble_ambient_sensor_update
 .text.ble_ambient_config_update
                0x00016d38       0x6e _build/ble_ambient.o
                0x00016d38                ble_ambient_config_update
 .text.ble_ambient_on_ble_evt
                0x00016da6      0x108 _build/ble_ambient.o
                0x00016da6                ble_ambient_on_ble_evt
 .text.sd_ble_gap_adv_start
                0x00016eae        0x4 _build/main.o
 .text.sd_app_evt_wait
                0x00016eb2        0x4 _build/main.o
 *fill*         0x00016eb6        0x2 
 .text.setup    0x00016eb8      0x174 _build/main.o
 .text.app_error_handler
                0x0001702c       0x3c _build/main.o
                0x0001702c                app_error_handler
 .text.HardFault_Handler
                0x00017068       0x3c _build/main.o
                0x00017068                HardFault_Handler
 .text.assert_nrf_callback
                0x000170a4       0x4c _build/main.o
                0x000170a4                assert_nrf_callback
 .text.conn_params_error_handler
                0x000170f0       0x10 _build/main.o
                0x000170f0                conn_params_error_handler
 .text.on_conn_params_evt
                0x00017100       0x24 _build/main.o
                0x00017100                on_conn_params_evt
 .text.advertising_start
                0x00017124       0x54 _build/main.o
                0x00017124                advertising_start
 .text.on_ble_evt
                0x00017178      0x108 _build/main.o
 .text.device_manager_evt_handler
                0x00017280       0x18 _build/main.o
                0x00017280                device_manager_evt_handler
 .text.ble_evt_dispatch
                0x00017298       0x24 _build/main.o
                0x00017298                ble_evt_dispatch
 .text.sys_evt_dispatch
                0x000172bc        0x8 _build/main.o
                0x000172bc                sys_evt_dispatch
 .text.ble_amb_evt
                0x000172c4      0x10c _build/main.o
                0x000172c4                ble_amb_evt
 .text.base_timer_handler
                0x000173d0       0x68 _build/main.o
                0x000173d0                base_timer_handler
 .text.watchdog_timer_handler
                0x00017438       0x14 _build/main.o
                0x00017438                watchdog_timer_handler
 .text.startup.main
                0x0001744c       0x28 _build/main.o
                0x0001744c                main
 .text.SFE_TSL2561_getLux.part.0
                0x00017474      0x25c _build/SparkFunTSL2561.o
 .text.SFE_TSL2561_begin
                0x000176d0       0x1c _build/SparkFunTSL2561.o
                0x000176d0                SFE_TSL2561_begin
 .text.SFE_TSL2561_getLux
                0x000176ec       0x20 _build/SparkFunTSL2561.o
                0x000176ec                SFE_TSL2561_getLux
 .text.SFE_TSL2561_readByte
                0x0001770c       0x58 _build/SparkFunTSL2561.o
                0x0001770c                SFE_TSL2561_readByte
 .text.SFE_TSL2561_getID
                0x00017764       0x14 _build/SparkFunTSL2561.o
                0x00017764                SFE_TSL2561_getID
 .text.SFE_TSL2561_writeByte
                0x00017778       0x58 _build/SparkFunTSL2561.o
                0x00017778                SFE_TSL2561_writeByte
 .text.SFE_TSL2561_setPowerUp
                0x000177d0       0x14 _build/SparkFunTSL2561.o
                0x000177d0                SFE_TSL2561_setPowerUp
 .text.setTiming
                0x000177e4       0x48 _build/SparkFunTSL2561.o
                0x000177e4                setTiming
 .text.SFE_TSL2561_setTiming
                0x0001782c       0x22 _build/SparkFunTSL2561.o
                0x0001782c                SFE_TSL2561_setTiming
 *fill*         0x0001784e        0x2 
 .text.SparkFunTSL2561_init
                0x00017850       0xd0 _build/SparkFunTSL2561.o
                0x00017850                SparkFunTSL2561_init
 .text.SFE_TSL2561_readUInt
                0x00017920       0x5c _build/SparkFunTSL2561.o
                0x00017920                SFE_TSL2561_readUInt
 .text.SFE_TSL2561_getData
                0x0001797c       0x24 _build/SparkFunTSL2561.o
                0x0001797c                SFE_TSL2561_getData
 .text.SparkFunTSL2561_bring_the_light
                0x000179a0       0x80 _build/SparkFunTSL2561.o
                0x000179a0                SparkFunTSL2561_bring_the_light
 .text.SparkFunMS1_read
                0x00017a20       0x38 _build/SparkFunMS1.o
                0x00017a20                SparkFunMS1_read
 .text.temp_init
                0x00017a58       0x30 _build/temp.o
                0x00017a58                temp_init
 .text.temp_configs_update
                0x00017a88       0x90 _build/temp.o
                0x00017a88                temp_configs_update
 .text.temp_values_handler
                0x00017b18       0x58 _build/temp.o
                0x00017b18                temp_values_handler
 .text.temp_timer_handler
                0x00017b70       0x84 _build/temp.o
                0x00017b70                temp_timer_handler
 .text.temp_reset_configs
                0x00017bf4       0x70 _build/temp.o
                0x00017bf4                temp_reset_configs
 .text.lum_init
                0x00017c64       0x30 _build/lum.o
                0x00017c64                lum_init
 .text.lum_configs_update
                0x00017c94       0x90 _build/lum.o
                0x00017c94                lum_configs_update
 .text.lum_values_handler
                0x00017d24       0x58 _build/lum.o
                0x00017d24                lum_values_handler
 .text.lum_timer_handler
                0x00017d7c       0x84 _build/lum.o
                0x00017d7c                lum_timer_handler
 .text.lum_reset_configs
                0x00017e00       0x70 _build/lum.o
                0x00017e00                lum_reset_configs
 .text.pr_init  0x00017e70       0x30 _build/pr.o
                0x00017e70                pr_init
 .text.pr_configs_update
                0x00017ea0       0x98 _build/pr.o
                0x00017ea0                pr_configs_update
 .text.pr_values_handler
                0x00017f38       0x58 _build/pr.o
                0x00017f38                pr_values_handler
 .text.pr_timer_handler
                0x00017f90       0x84 _build/pr.o
                0x00017f90                pr_timer_handler
 .text.pr_reset_configs
                0x00018014       0x70 _build/pr.o
                0x00018014                pr_reset_configs
 .text.hum_init
                0x00018084       0x30 _build/hum.o
                0x00018084                hum_init
 .text.hum_configs_update
                0x000180b4       0x90 _build/hum.o
                0x000180b4                hum_configs_update
 .text.hum_values_handler
                0x00018144       0x58 _build/hum.o
                0x00018144                hum_values_handler
 .text.hum_timer_handler
                0x0001819c       0x84 _build/hum.o
                0x0001819c                hum_timer_handler
 .text.hum_reset_configs
                0x00018220       0x70 _build/hum.o
                0x00018220                hum_reset_configs
 .text.humsolo_init
                0x00018290       0x30 _build/humsolo.o
                0x00018290                humsolo_init
 .text.humsolo_configs_update
                0x000182c0       0x90 _build/humsolo.o
                0x000182c0                humsolo_configs_update
 .text.humsolo_values_handler
                0x00018350       0x5c _build/humsolo.o
                0x00018350                humsolo_values_handler
 .text.humsolo_timer_handler
                0x000183ac       0x84 _build/humsolo.o
                0x000183ac                humsolo_timer_handler
 .text.humsolo_reset_configs
                0x00018430       0x70 _build/humsolo.o
                0x00018430                humsolo_reset_configs
 .text.induction_charging.part.0
                0x000184a0       0x3c _build/battery.o
 .text.wired_charging.part.1
                0x000184dc       0x3c _build/battery.o
 .text.battery_init
                0x00018518       0x18 _build/battery.o
                0x00018518                battery_init
 .text.induction_charging
                0x00018530       0x38 _build/battery.o
                0x00018530                induction_charging
 .text.wired_charging
                0x00018568       0x38 _build/battery.o
                0x00018568                wired_charging
 .text.battery_charge_handler
                0x000185a0       0x68 _build/battery.o
                0x000185a0                battery_charge_handler
 .text.gauge_timer_handler
                0x00018608       0x9c _build/battery.o
                0x00018608                gauge_timer_handler
 .text.enable_high_voltage
                0x000186a4       0x20 _build/battery.o
                0x000186a4                enable_high_voltage
 .text.max1161x_write_data
                0x000186c4       0x28 _build/max1161x.o
                0x000186c4                max1161x_write_data
 .text.max1161x_read_data
                0x000186ec       0x4c _build/max1161x.o
                0x000186ec                max1161x_read_data
 .text.max1161x_init
                0x00018738       0x28 _build/max1161x.o
                0x00018738                max1161x_init
 .text.max1161x_read_channel
                0x00018760       0x44 _build/max1161x.o
                0x00018760                max1161x_read_channel
 .text.read_mult
                0x000187a4       0x74 _build/mpu9x50.o
                0x000187a4                read_mult
 .text.read     0x00018818        0xa _build/mpu9x50.o
                0x00018818                read
 .text.get16    0x00018822       0x1e _build/mpu9x50.o
                0x00018822                get16
 .text.write_mult
                0x00018840       0x54 _build/mpu9x50.o
                0x00018840                write_mult
 .text.write    0x00018894       0x12 _build/mpu9x50.o
                0x00018894                write
 .text.writeBits
                0x000188a6       0x44 _build/mpu9x50.o
                0x000188a6                writeBits
 .text.mpu9x50_setI2cSlaveAddress.part.2
                0x000188ea       0x16 _build/mpu9x50.o
 .text.mpu9x50_setI2cSlaveTransactionLength.part.5
                0x00018900       0x14 _build/mpu9x50.o
 .text.writeBit
                0x00018914        0xc _build/mpu9x50.o
                0x00018914                writeBit
 .text.set16    0x00018920       0x14 _build/mpu9x50.o
                0x00018920                set16
 .text.mpu9x50_reset
                0x00018934        0xe _build/mpu9x50.o
                0x00018934                mpu9x50_reset
 .text.mpu9x50_disableTemperatureSensor
                0x00018942        0xe _build/mpu9x50.o
                0x00018942                mpu9x50_disableTemperatureSensor
 .text.mpu9x50_clockSelect
                0x00018950       0x10 _build/mpu9x50.o
                0x00018950                mpu9x50_clockSelect
 .text.mpu9x50_setStandbyAccX
                0x00018960        0xe _build/mpu9x50.o
                0x00018960                mpu9x50_setStandbyAccX
 .text.mpu9x50_setStandbyAccY
                0x0001896e        0xe _build/mpu9x50.o
                0x0001896e                mpu9x50_setStandbyAccY
 .text.mpu9x50_setStandbyAccZ
                0x0001897c        0xe _build/mpu9x50.o
                0x0001897c                mpu9x50_setStandbyAccZ
 .text.mpu9x50_setStandbyGyroX
                0x0001898a        0xe _build/mpu9x50.o
                0x0001898a                mpu9x50_setStandbyGyroX
 .text.mpu9x50_setStandbyGyroY
                0x00018998        0xe _build/mpu9x50.o
                0x00018998                mpu9x50_setStandbyGyroY
 .text.mpu9x50_setStandbyGyroZ
                0x000189a6        0xe _build/mpu9x50.o
                0x000189a6                mpu9x50_setStandbyGyroZ
 .text.mpu9x50_setSampleRateDivider
                0x000189b4        0xc _build/mpu9x50.o
                0x000189b4                mpu9x50_setSampleRateDivider
 .text.mpu9x50_setGyroscopeDigitalLowPassFilter
                0x000189c0       0x10 _build/mpu9x50.o
                0x000189c0                mpu9x50_setGyroscopeDigitalLowPassFilter
 .text.mpu9x50_setAccelerometerDigitalLowPassFilter
                0x000189d0       0x10 _build/mpu9x50.o
                0x000189d0                mpu9x50_setAccelerometerDigitalLowPassFilter
 .text.mpu9x50_setGyroFullScaleRange
                0x000189e0       0x10 _build/mpu9x50.o
                0x000189e0                mpu9x50_setGyroFullScaleRange
 .text.mpu9x50_setAccelFullScaleRange
                0x000189f0       0x10 _build/mpu9x50.o
                0x000189f0                mpu9x50_setAccelFullScaleRange
 .text.mpu9x50_setXGyroOffset
                0x00018a00        0xc _build/mpu9x50.o
                0x00018a00                mpu9x50_setXGyroOffset
 .text.mpu9x50_setYGyroOffset
                0x00018a0c        0xc _build/mpu9x50.o
                0x00018a0c                mpu9x50_setYGyroOffset
 .text.mpu9x50_setZGyroOffset
                0x00018a18        0xc _build/mpu9x50.o
                0x00018a18                mpu9x50_setZGyroOffset
 .text.mpu9x50_setGyroOffsets
                0x00018a24       0x28 _build/mpu9x50.o
                0x00018a24                mpu9x50_setGyroOffsets
 .text.mpu9x50_setXAccelOffset
                0x00018a4c       0x2c _build/mpu9x50.o
                0x00018a4c                mpu9x50_setXAccelOffset
 .text.mpu9x50_setYAccelOffset
                0x00018a78       0x2c _build/mpu9x50.o
                0x00018a78                mpu9x50_setYAccelOffset
 .text.mpu9x50_setZAccelOffset
                0x00018aa4       0x2c _build/mpu9x50.o
                0x00018aa4                mpu9x50_setZAccelOffset
 .text.mpu9x50_setAccOffsets
                0x00018ad0       0x28 _build/mpu9x50.o
                0x00018ad0                mpu9x50_setAccOffsets
 .text.mpu9x50_setGyroFifo
                0x00018af8       0x24 _build/mpu9x50.o
                0x00018af8                mpu9x50_setGyroFifo
 .text.mpu9x50_setAccelFifo
                0x00018b1c        0xe _build/mpu9x50.o
                0x00018b1c                mpu9x50_setAccelFifo
 .text.mpu9x50_setI2cSlaveDelay
                0x00018b2a       0x14 _build/mpu9x50.o
                0x00018b2a                mpu9x50_setI2cSlaveDelay
 .text.mpu9x50_setI2cMasterDelay
                0x00018b3e       0x10 _build/mpu9x50.o
                0x00018b3e                mpu9x50_setI2cMasterDelay
 *fill*         0x00018b4e        0x2 
 .text.mpu9x50_initMagnetometer
                0x00018b50       0x78 _build/mpu9x50.o
                0x00018b50                mpu9x50_initMagnetometer
 .text.mpu9x50_setInterruptDataReadyEnable
                0x00018bc8        0xe _build/mpu9x50.o
                0x00018bc8                mpu9x50_setInterruptDataReadyEnable
 .text.mpu9x50_setEnableFifo
                0x00018bd6        0xe _build/mpu9x50.o
                0x00018bd6                mpu9x50_setEnableFifo
 .text.mpu9x50_setFifoReset
                0x00018be4        0xe _build/mpu9x50.o
                0x00018be4                mpu9x50_setFifoReset
 *fill*         0x00018bf2        0x2 
 .text.mpu9x50_fifoCtrl
                0x00018bf4       0x2c _build/mpu9x50.o
                0x00018bf4                mpu9x50_fifoCtrl
 .text.mpu9x50_enableAccelerometer
                0x00018c20       0x58 _build/mpu9x50.o
                0x00018c20                mpu9x50_enableAccelerometer
 .text.mpu9x50_init
                0x00018c78       0x9c _build/mpu9x50.o
                0x00018c78                mpu9x50_init
 .text.check_init
                0x00018d14       0x28 _build/mpu9x50.o
 .text.mpu9x50_enableGyroscope
                0x00018d3c       0x58 _build/mpu9x50.o
                0x00018d3c                mpu9x50_enableGyroscope
 .text.max17048_write_data
                0x00018d94       0x4c _build/max17048.o
                0x00018d94                max17048_write_data
 .text.max17048_read_data
                0x00018de0       0x6c _build/max17048.o
                0x00018de0                max17048_read_data
 .text.max17048_clear_alert
                0x00018e4c       0x44 _build/max17048.o
                0x00018e4c                max17048_clear_alert
 .text.max17048_init
                0x00018e90       0x98 _build/max17048.o
                0x00018e90                max17048_init
 .text.max17048_read_soc
                0x00018f28       0x18 _build/max17048.o
                0x00018f28                max17048_read_soc
 .text.max17048_get_alert
                0x00018f40       0x58 _build/max17048.o
                0x00018f40                max17048_get_alert
 .text.nrf_delay_us.constprop.1
                0x00018f98       0x26 _build/pca9538.o
 *fill*         0x00018fbe        0x2 
 .text.pca9538_write
                0x00018fc0       0x30 _build/pca9538.o
                0x00018fc0                pca9538_write
 .text.pca9538_init
                0x00018ff0       0x4c _build/pca9538.o
                0x00018ff0                pca9538_init
 .text.timer_handler
                0x0001903c       0x88 _build/fhp_gpio.o
 .text.clear_pwm_pin
                0x000190c4       0x9c _build/fhp_gpio.o
 .text.fhp_gpio_config
                0x00019160      0x128 _build/fhp_gpio.o
 .text.fhp_gpio_init
                0x00019288       0x34 _build/fhp_gpio.o
                0x00019288                fhp_gpio_init
 .text.fhp_gpio_set
                0x000192bc       0x2c _build/fhp_gpio.o
                0x000192bc                fhp_gpio_set
 .text.fhp_gpio_clear
                0x000192e8       0x30 _build/fhp_gpio.o
                0x000192e8                fhp_gpio_clear
 .text.fhp_gpio_blink
                0x00019318       0x38 _build/fhp_gpio.o
                0x00019318                fhp_gpio_blink
 .text.fhp_gpio_fade
                0x00019350       0x3c _build/fhp_gpio.o
                0x00019350                fhp_gpio_fade
 .text.sd_ppi_channel_enable_set
                0x0001938c        0x4 _build/nrf_pwm.o
 .text.sd_ppi_channel_assign
                0x00019390        0x4 _build/nrf_pwm.o
 .text.sd_radio_session_open
                0x00019394        0x4 _build/nrf_pwm.o
 .text.sd_radio_request
                0x00019398        0x4 _build/nrf_pwm.o
 .text.safe_margins_present
                0x0001939c       0x3c _build/nrf_pwm.o
 .text.ppi_enable_channel
                0x000193d8       0x18 _build/nrf_pwm.o
 .text.nrf_gpiote_task_config.constprop.2
                0x000193f0       0x44 _build/nrf_pwm.o
 .text.nrf_pwm_init
                0x00019434      0x208 _build/nrf_pwm.o
                0x00019434                nrf_pwm_init
 .text.nrf_pwm_set_value
                0x0001963c       0x38 _build/nrf_pwm.o
                0x0001963c                nrf_pwm_set_value
 .text.nrf_pwm_set_enabled
                0x00019674       0x78 _build/nrf_pwm.o
                0x00019674                nrf_pwm_set_enabled
 .text.TIMER2_IRQHandler
                0x000196ec      0x21c _build/nrf_pwm.o
                0x000196ec                TIMER2_IRQHandler
 .text.nrf_radio_signal_callback
                0x00019908       0x20 _build/nrf_pwm.o
                0x00019908                nrf_radio_signal_callback
 .text.BME280_I2C_bus_write
                0x00019928       0x7a _build/bme280.o
                0x00019928                BME280_I2C_bus_write
 .text.BME280_delay_msek
                0x000199a2        0x8 _build/bme280.o
                0x000199a2                BME280_delay_msek
 .text.BME280_I2C_bus_read
                0x000199aa       0x54 _build/bme280.o
                0x000199aa                BME280_I2C_bus_read
 *fill*         0x000199fe        0x2 
 .text.bme280_read_uncomp_temperature
                0x00019a00       0x44 _build/bme280.o
                0x00019a00                bme280_read_uncomp_temperature
 .text.bme280_compensate_temperature_int32
                0x00019a44       0x3c _build/bme280.o
                0x00019a44                bme280_compensate_temperature_int32
 .text.bme280_read_uncomp_pressure
                0x00019a80       0x44 _build/bme280.o
                0x00019a80                bme280_read_uncomp_pressure
 .text.bme280_compensate_pressure_int32
                0x00019ac4       0xb0 _build/bme280.o
                0x00019ac4                bme280_compensate_pressure_int32
 .text.bme280_read_uncomp_humidity
                0x00019b74       0x3c _build/bme280.o
                0x00019b74                bme280_read_uncomp_humidity
 .text.bme280_compensate_humidity_int32
                0x00019bb0       0x80 _build/bme280.o
                0x00019bb0                bme280_compensate_humidity_int32
 .text.bme280_get_calib_param
                0x00019c30      0x114 _build/bme280.o
                0x00019c30                bme280_get_calib_param
 .text.bme280_init
                0x00019d44       0x38 _build/bme280.o
                0x00019d44                bme280_init
 .text.bme280_get_power_mode
                0x00019d7c       0x38 _build/bme280.o
                0x00019d7c                bme280_get_power_mode
 .text.bme280_set_soft_rst
                0x00019db4       0x2c _build/bme280.o
                0x00019db4                bme280_set_soft_rst
 .text.bme280_write_register
                0x00019de0       0x28 _build/bme280.o
                0x00019de0                bme280_write_register
 .text.bme280_read_register
                0x00019e08       0x28 _build/bme280.o
                0x00019e08                bme280_read_register
 .text.bme280_set_oversamp_temperature
                0x00019e30       0xe4 _build/bme280.o
                0x00019e30                bme280_set_oversamp_temperature
 .text.bme280_set_oversamp_pressure
                0x00019f14       0xe8 _build/bme280.o
                0x00019f14                bme280_set_oversamp_pressure
 .text.bme280_set_oversamp_humidity
                0x00019ffc      0x118 _build/bme280.o
                0x00019ffc                bme280_set_oversamp_humidity
 .text.bme280_set_power_mode
                0x0001a114       0xdc _build/bme280.o
                0x0001a114                bme280_set_power_mode
 .text.bme280_set_filter
                0x0001a1f0       0xf0 _build/bme280.o
                0x0001a1f0                bme280_set_filter
 .text.bme280_init_nrf51
                0x0001a2e0       0x74 _build/bme280.o
                0x0001a2e0                bme280_init_nrf51
 .text.bme280_read_temperature
                0x0001a354       0x38 _build/bme280.o
                0x0001a354                bme280_read_temperature
 .text.bme280_read_pressure
                0x0001a38c       0x38 _build/bme280.o
                0x0001a38c                bme280_read_pressure
 .text.bme280_read_humidity
                0x0001a3c4       0x38 _build/bme280.o
                0x0001a3c4                bme280_read_humidity
 .text.SEGGER_RTT_Write
                0x0001a3fc       0xcc _build/SEGGER_RTT.o
                0x0001a3fc                SEGGER_RTT_Write
 .text.SEGGER_RTT_WriteString
                0x0001a4c8       0x1a _build/SEGGER_RTT.o
                0x0001a4c8                SEGGER_RTT_WriteString
 .text.nrf_delay_us
                0x0001a4e2       0x2e _build/twi_hw_master.o
 .text.twi_master_clear_bus
                0x0001a510       0xb8 _build/twi_hw_master.o
 .text.twi_master_init
                0x0001a5c8       0x74 _build/twi_hw_master.o
                0x0001a5c8                twi_master_init
 .text.twi_master_transfer
                0x0001a63c      0x180 _build/twi_hw_master.o
                0x0001a63c                twi_master_transfer
 .text.sd_ble_gatts_service_add
                0x0001a7bc        0x4 _build/ble_dis.o
 .text.sd_ble_gatts_characteristic_add
                0x0001a7c0        0x4 _build/ble_dis.o
 .text.char_add
                0x0001a7c4       0x88 _build/ble_dis.o
 .text.ble_dis_init
                0x0001a84c      0x19c _build/ble_dis.o
                0x0001a84c                ble_dis_init
 .text.ble_srv_ascii_to_utf8
                0x0001a9e8       0x12 _build/ble_srv_common.o
                0x0001a9e8                ble_srv_ascii_to_utf8
 .text.sd_nvic_EnableIRQ
                0x0001a9fa        0x4 _build/softdevice_handler.o
 .text.sd_evt_get
                0x0001a9fe        0x4 _build/softdevice_handler.o
 .text.sd_softdevice_enable
                0x0001aa02        0x4 _build/softdevice_handler.o
 .text.sd_ble_evt_get
                0x0001aa06        0x4 _build/softdevice_handler.o
 .text.softdevice_assertion_handler
                0x0001aa0a        0xc _build/softdevice_handler.o
                0x0001aa0a                softdevice_assertion_handler
 *fill*         0x0001aa16        0x2 
 .text.intern_softdevice_events_execute
                0x0001aa18       0x98 _build/softdevice_handler.o
                0x0001aa18                intern_softdevice_events_execute
 .text.softdevice_handler_init
                0x0001aab0       0x38 _build/softdevice_handler.o
                0x0001aab0                softdevice_handler_init
 .text.softdevice_ble_evt_handler_set
                0x0001aae8       0x14 _build/softdevice_handler.o
                0x0001aae8                softdevice_ble_evt_handler_set
 .text.softdevice_sys_evt_handler_set
                0x0001aafc       0x14 _build/softdevice_handler.o
                0x0001aafc                softdevice_sys_evt_handler_set
 .text.SWI2_IRQHandler
                0x0001ab10       0x2c _build/softdevice_handler.o
                0x0001ab10                SWI2_IRQHandler
 .text.sd_ble_gap_adv_data_set
                0x0001ab3c        0x4 _build/ble_advdata.o
 .text.sd_ble_gap_appearance_get
                0x0001ab40        0x4 _build/ble_advdata.o
 .text.sd_ble_gap_device_name_get
                0x0001ab44        0x4 _build/ble_advdata.o
 .text.sd_ble_uuid_encode
                0x0001ab48        0x4 _build/ble_advdata.o
 .text.uuid_list_sized_encode
                0x0001ab4c       0xaa _build/ble_advdata.o
 .text.uuid_list_encode
                0x0001abf6       0x26 _build/ble_advdata.o
 .text.adv_data_encode
                0x0001ac1c      0x2fc _build/ble_advdata.o
 .text.ble_advdata_set
                0x0001af18       0x70 _build/ble_advdata.o
                0x0001af18                ble_advdata_set
 .text.sd_ble_gap_conn_param_update
                0x0001af88        0x4 _build/ble_conn_params.o
 .text.sd_ble_gap_disconnect
                0x0001af8c        0x4 _build/ble_conn_params.o
 .text.sd_ble_gap_ppcp_set
                0x0001af90        0x4 _build/ble_conn_params.o
 .text.sd_ble_gap_ppcp_get
                0x0001af94        0x4 _build/ble_conn_params.o
 .text.update_timeout_handler
                0x0001af98       0x64 _build/ble_conn_params.o
 .text.conn_params_negotiation
                0x0001affc       0x64 _build/ble_conn_params.o
 .text.ble_conn_params_init
                0x0001b060       0x60 _build/ble_conn_params.o
                0x0001b060                ble_conn_params_init
 .text.ble_conn_params_on_ble_evt
                0x0001b0c0       0x8c _build/ble_conn_params.o
                0x0001b0c0                ble_conn_params_on_ble_evt
 .text.user_op_alloc
                0x0001b14c       0x2a _build/app_timer.o
 *fill*         0x0001b176        0x2 
 .text.user_id_get
                0x0001b178       0x64 _build/app_timer.o
 .text.nrf_delay_us.constprop.5
                0x0001b1dc       0x26 _build/app_timer.o
 *fill*         0x0001b202        0x2 
 .text.rtc1_stop
                0x0001b204       0x40 _build/app_timer.o
 .text.RTC1_IRQHandler
                0x0001b244       0xa0 _build/app_timer.o
                0x0001b244                RTC1_IRQHandler
 .text.SWI0_IRQHandler
                0x0001b2e4      0x37c _build/app_timer.o
                0x0001b2e4                SWI0_IRQHandler
 .text.app_timer_init
                0x0001b660       0xc0 _build/app_timer.o
                0x0001b660                app_timer_init
 .text.app_timer_create
                0x0001b720       0x4c _build/app_timer.o
                0x0001b720                app_timer_create
 .text.app_timer_start
                0x0001b76c       0x90 _build/app_timer.o
                0x0001b76c                app_timer_start
 .text.app_timer_stop
                0x0001b7fc       0x60 _build/app_timer.o
                0x0001b7fc                app_timer_stop
 .text.sd_flash_write
                0x0001b85c        0x4 _build/pstorage.o
 .text.sd_flash_page_erase
                0x0001b860        0x4 _build/pstorage.o
 .text.app_notify
                0x0001b864       0x30 _build/pstorage.o
 .text.swap_state_process
                0x0001b894      0x1bc _build/pstorage.o
 .text.cmd_process
                0x0001ba50      0x118 _build/pstorage.o
 .text.unlikely.cmd_queue_enqueue
                0x0001bb68       0x54 _build/pstorage.o
 .text.cmd_queue_dequeue
                0x0001bbbc       0x20 _build/pstorage.o
 .text.pstorage_sys_event_handler
                0x0001bbdc       0xec _build/pstorage.o
                0x0001bbdc                pstorage_sys_event_handler
 .text.pstorage_init
                0x0001bcc8       0xc4 _build/pstorage.o
                0x0001bcc8                pstorage_init
 .text.pstorage_register
                0x0001bd8c      0x11c _build/pstorage.o
                0x0001bd8c                pstorage_register
 .text.pstorage_block_identifier_get
                0x0001bea8       0x5c _build/pstorage.o
                0x0001bea8                pstorage_block_identifier_get
 .text.pstorage_store
                0x0001bf04       0x88 _build/pstorage.o
                0x0001bf04                pstorage_store
 .text.pstorage_update
                0x0001bf8c       0x88 _build/pstorage.o
                0x0001bf8c                pstorage_update
 .text.pstorage_load
                0x0001c014       0xac _build/pstorage.o
                0x0001c014                pstorage_load
 .text.pstorage_clear
                0x0001c0c0       0x6c _build/pstorage.o
                0x0001c0c0                pstorage_clear
 .text.sd_ble_gap_sec_params_reply
                0x0001c12c        0x4 _build/device_manager_peripheral.o
 .text.sd_ble_gap_sec_info_reply
                0x0001c130        0x4 _build/device_manager_peripheral.o
 .text.sd_ble_gatts_sys_attr_set
                0x0001c134        0x4 _build/device_manager_peripheral.o
 .text.sd_ble_gatts_sys_attr_get
                0x0001c138        0x4 _build/device_manager_peripheral.o
 .text.storage_operation_dummy_handler
                0x0001c13c        0x4 _build/device_manager_peripheral.o
 .text.no_service_context_store
                0x0001c140        0x4 _build/device_manager_peripheral.o
 .text.gattc_context_store
                0x0001c144        0x4 _build/device_manager_peripheral.o
 .text.no_service_context_load
                0x0001c148        0x4 _build/device_manager_peripheral.o
 .text.gattc_context_load
                0x0001c14c        0x4 _build/device_manager_peripheral.o
 .text.no_service_context_apply
                0x0001c150        0x4 _build/device_manager_peripheral.o
 .text.gatts_context_apply
                0x0001c154       0x4c _build/device_manager_peripheral.o
 .text.gattc_context_apply
                0x0001c1a0        0x4 _build/device_manager_peripheral.o
 .text.gattsc_context_apply
                0x0001c1a4        0x8 _build/device_manager_peripheral.o
 .text.gatts_context_store
                0x0001c1ac       0xac _build/device_manager_peripheral.o
 .text.gattsc_context_store
                0x0001c258        0x8 _build/device_manager_peripheral.o
 .text.device_context_store
                0x0001c260       0xbc _build/device_manager_peripheral.o
 .text.gatts_context_load
                0x0001c31c       0x30 _build/device_manager_peripheral.o
 .text.gattsc_context_load
                0x0001c34c        0x8 _build/device_manager_peripheral.o
 .text.dm_pstorage_cb_handler
                0x0001c354      0x130 _build/device_manager_peripheral.o
 .text.peer_instance_init
                0x0001c484       0x4c _build/device_manager_peripheral.o
 .text.dm_init  0x0001c4d0       0xdc _build/device_manager_peripheral.o
                0x0001c4d0                dm_init
 .text.dm_register
                0x0001c5ac       0x58 _build/device_manager_peripheral.o
                0x0001c5ac                dm_register
 .text.bond_data_load
                0x0001c604       0x50 _build/device_manager_peripheral.o
                0x0001c604                bond_data_load
 .text.dm_ble_evt_handler
                0x0001c654      0x354 _build/device_manager_peripheral.o
                0x0001c654                dm_ble_evt_handler
 .text.pins_sense_disable
                0x0001c9a8       0x40 _build/app_gpiote.o
 .text.sense_level_toggle.isra.0
                0x0001c9e8       0x4c _build/app_gpiote.o
 .text.GPIOTE_IRQHandler
                0x0001ca34       0x98 _build/app_gpiote.o
                0x0001ca34                GPIOTE_IRQHandler
 .text.app_gpiote_init
                0x0001cacc       0x68 _build/app_gpiote.o
                0x0001cacc                app_gpiote_init
 .text.app_gpiote_user_register
                0x0001cb34       0x48 _build/app_gpiote.o
                0x0001cb34                app_gpiote_user_register
 .text.app_gpiote_user_enable
                0x0001cb7c       0x98 _build/app_gpiote.o
                0x0001cb7c                app_gpiote_user_enable
 .text.nrf_delay_ms
                0x0001cc14       0x40 _build/nrf_delay.o
                0x0001cc14                nrf_delay_ms
 .text.sd_nvic_critical_region_enter
                0x0001cc54        0x4 _build/app_scheduler.o
 .text.sd_nvic_critical_region_exit
                0x0001cc58        0x4 _build/app_scheduler.o
 .text.app_sched_init
                0x0001cc5c       0x2c _build/app_scheduler.o
                0x0001cc5c                app_sched_init
 .text.app_sched_event_put
                0x0001cc88      0x12c _build/app_scheduler.o
                0x0001cc88                app_sched_event_put
 .text.app_sched_execute
                0x0001cdb4       0x40 _build/app_scheduler.o
                0x0001cdb4                app_sched_execute
 .text.SystemInit
                0x0001cdf4       0x8c _build/system_nrf51.o
                0x0001cdf4                SystemInit
 .text          0x0001ce80       0x54 _build/gcc_startup_nrf51.o
                0x0001ce80                Reset_Handler
                0x0001cec8                NMI_Handler
                0x0001cecc                SVC_Handler
                0x0001cece                PendSV_Handler
                0x0001ced0                SysTick_Handler
                0x0001ced2                SPI0_TWI0_IRQHandler
                0x0001ced2                RTC0_IRQHandler
                0x0001ced2                POWER_CLOCK_IRQHandler
                0x0001ced2                RADIO_IRQHandler
                0x0001ced2                LPCOMP_IRQHandler
                0x0001ced2                SWI4_IRQHandler
                0x0001ced2                TEMP_IRQHandler
                0x0001ced2                QDEC_IRQHandler
                0x0001ced2                UART0_IRQHandler
                0x0001ced2                SWI5_IRQHandler
                0x0001ced2                TIMER0_IRQHandler
                0x0001ced2                TIMER1_IRQHandler
                0x0001ced2                ECB_IRQHandler
                0x0001ced2                Default_Handler
                0x0001ced2                ADC_IRQHandler
                0x0001ced2                SWI3_IRQHandler
                0x0001ced2                CCM_AAR_IRQHandler
                0x0001ced2                WDT_IRQHandler
                0x0001ced2                RNG_IRQHandler
                0x0001ced2                SPI1_TWI1_IRQHandler
                0x0001ced2                SWI1_IRQHandler
 .text.pow      0x0001ced4      0x35c /home/josepintor/Documentos/gcc-arm-none-eabi-4_9-2015q3/bin/../lib/gcc/arm-none-eabi/4.9.3/../../../../arm-none-eabi/lib/armv6-m/libm.a(lib_a-w_pow.o)
                0x0001ced4                pow
 .text.__ieee754_pow
                0x0001d230      0xa8c /home/josepintor/Documentos/gcc-arm-none-eabi-4_9-2015q3/bin/../lib/gcc/arm-none-eabi/4.9.3/../../../../arm-none-eabi/lib/armv6-m/libm.a(lib_a-e_pow.o)
                0x0001d230                __ieee754_pow
 .text.__ieee754_sqrt
                0x0001dcbc      0x1ec /home/josepintor/Documentos/gcc-arm-none-eabi-4_9-2015q3/bin/../lib/gcc/arm-none-eabi/4.9.3/../../../../arm-none-eabi/lib/armv6-m/libm.a(lib_a-e_sqrt.o)
                0x0001dcbc                __ieee754_sqrt
 .text.fabs     0x0001dea8        0x8 /home/josepintor/Documentos/gcc-arm-none-eabi-4_9-2015q3/bin/../lib/gcc/arm-none-eabi/4.9.3/../../../../arm-none-eabi/lib/armv6-m/libm.a(lib_a-s_fabs.o)
                0x0001dea8                fabs
 .text.finite   0x0001deb0       0x14 /home/josepintor/Documentos/gcc-arm-none-eabi-4_9-2015q3/bin/../lib/gcc/arm-none-eabi/4.9.3/../../../../arm-none-eabi/lib/armv6-m/libm.a(lib_a-s_finite.o)
                0x0001deb0                finite
 .text.__fpclassifyd
                0x0001dec4       0x5c /home/josepintor/Documentos/gcc-arm-none-eabi-4_9-2015q3/bin/../lib/gcc/arm-none-eabi/4.9.3/../../../../arm-none-eabi/lib/armv6-m/libm.a(lib_a-s_fpclassify.o)
                0x0001dec4                __fpclassifyd
 .text.matherr  0x0001df20        0x4 /home/josepintor/Documentos/gcc-arm-none-eabi-4_9-2015q3/bin/../lib/gcc/arm-none-eabi/4.9.3/../../../../arm-none-eabi/lib/armv6-m/libm.a(lib_a-s_matherr.o)
                0x0001df20                matherr
 .text.nan      0x0001df24        0xc /home/josepintor/Documentos/gcc-arm-none-eabi-4_9-2015q3/bin/../lib/gcc/arm-none-eabi/4.9.3/../../../../arm-none-eabi/lib/armv6-m/libm.a(lib_a-s_nan.o)
                0x0001df24                nan
 .text.rint     0x0001df30      0x144 /home/josepintor/Documentos/gcc-arm-none-eabi-4_9-2015q3/bin/../lib/gcc/arm-none-eabi/4.9.3/../../../../arm-none-eabi/lib/armv6-m/libm.a(lib_a-s_rint.o)
                0x0001df30                rint
 .text.scalbn   0x0001e074       0xf8 /home/josepintor/Documentos/gcc-arm-none-eabi-4_9-2015q3/bin/../lib/gcc/arm-none-eabi/4.9.3/../../../../arm-none-eabi/lib/armv6-m/libm.a(lib_a-s_scalbn.o)
                0x0001e074                scalbn
 .text.copysign
                0x0001e16c       0x10 /home/josepintor/Documentos/gcc-arm-none-eabi-4_9-2015q3/bin/../lib/gcc/arm-none-eabi/4.9.3/../../../../arm-none-eabi/lib/armv6-m/libm.a(lib_a-s_copysign.o)
                0x0001e16c                copysign
 .text          0x0001e17c       0x14 /home/josepintor/Documentos/gcc-arm-none-eabi-4_9-2015q3/bin/../lib/gcc/arm-none-eabi/4.9.3/armv6-m/libgcc.a(_thumb1_case_uqi.o)
                0x0001e17c                __gnu_thumb1_case_uqi
 .text          0x0001e190      0x120 /home/josepintor/Documentos/gcc-arm-none-eabi-4_9-2015q3/bin/../lib/gcc/arm-none-eabi/4.9.3/armv6-m/libgcc.a(_udivsi3.o)
                0x0001e190                __udivsi3
                0x0001e190                __aeabi_uidiv
                0x0001e29c                __aeabi_uidivmod
 .text          0x0001e2b0      0x1e0 /home/josepintor/Documentos/gcc-arm-none-eabi-4_9-2015q3/bin/../lib/gcc/arm-none-eabi/4.9.3/armv6-m/libgcc.a(_divsi3.o)
                0x0001e2b0                __aeabi_idiv
                0x0001e2b0                __divsi3
                0x0001e47c                __aeabi_idivmod
 .text          0x0001e490        0x4 /home/josepintor/Documentos/gcc-arm-none-eabi-4_9-2015q3/bin/../lib/gcc/arm-none-eabi/4.9.3/armv6-m/libgcc.a(_dvmd_tls.o)
                0x0001e490                __aeabi_ldiv0
                0x0001e490                __aeabi_idiv0
 .text          0x0001e494       0x7c /home/josepintor/Documentos/gcc-arm-none-eabi-4_9-2015q3/bin/../lib/gcc/arm-none-eabi/4.9.3/armv6-m/libgcc.a(_arm_cmpdf2.o)
                0x0001e494                __aeabi_cdrcmple
                0x0001e4a4                __aeabi_cdcmple
                0x0001e4a4                __aeabi_cdcmpeq
                0x0001e4b4                __aeabi_dcmpeq
                0x0001e4c0                __aeabi_dcmplt
                0x0001e4d4                __aeabi_dcmple
                0x0001e4e8                __aeabi_dcmpgt
                0x0001e4fc                __aeabi_dcmpge
 .text          0x0001e510       0x40 /home/josepintor/Documentos/gcc-arm-none-eabi-4_9-2015q3/bin/../lib/gcc/arm-none-eabi/4.9.3/armv6-m/libgcc.a(_aeabi_uldivmod.o)
                0x0001e510                __aeabi_uldivmod
 .text          0x0001e550       0x3c /home/josepintor/Documentos/gcc-arm-none-eabi-4_9-2015q3/bin/../lib/gcc/arm-none-eabi/4.9.3/armv6-m/libgcc.a(_fixunsdfsi.o)
                0x0001e550                __fixunsdfsi
                0x0001e550                __aeabi_d2uiz
 .text          0x0001e58c       0x6c /home/josepintor/Documentos/gcc-arm-none-eabi-4_9-2015q3/bin/../lib/gcc/arm-none-eabi/4.9.3/armv6-m/libgcc.a(bpabi.o)
                0x0001e58c                __gnu_ldivmod_helper
                0x0001e5c4                __gnu_uldivmod_helper
 .text          0x0001e5f8      0x650 /home/josepintor/Documentos/gcc-arm-none-eabi-4_9-2015q3/bin/../lib/gcc/arm-none-eabi/4.9.3/armv6-m/libgcc.a(adddf3.o)
                0x0001e5f8                __aeabi_dadd
 .text          0x0001ec48      0x648 /home/josepintor/Documentos/gcc-arm-none-eabi-4_9-2015q3/bin/../lib/gcc/arm-none-eabi/4.9.3/armv6-m/libgcc.a(divdf3.o)
                0x0001ec48                __aeabi_ddiv
 .text          0x0001f290       0x88 /home/josepintor/Documentos/gcc-arm-none-eabi-4_9-2015q3/bin/../lib/gcc/arm-none-eabi/4.9.3/armv6-m/libgcc.a(eqdf2.o)
                0x0001f290                __eqdf2
                0x0001f290                __nedf2
 .text          0x0001f318       0xe0 /home/josepintor/Documentos/gcc-arm-none-eabi-4_9-2015q3/bin/../lib/gcc/arm-none-eabi/4.9.3/armv6-m/libgcc.a(gedf2.o)
                0x0001f318                __gtdf2
                0x0001f318                __gedf2
 .text          0x0001f3f8       0xcc /home/josepintor/Documentos/gcc-arm-none-eabi-4_9-2015q3/bin/../lib/gcc/arm-none-eabi/4.9.3/armv6-m/libgcc.a(ledf2.o)
                0x0001f3f8                __ltdf2
                0x0001f3f8                __ledf2
 .text          0x0001f4c4      0x534 /home/josepintor/Documentos/gcc-arm-none-eabi-4_9-2015q3/bin/../lib/gcc/arm-none-eabi/4.9.3/armv6-m/libgcc.a(muldf3.o)
                0x0001f4c4                __aeabi_dmul
 .text          0x0001f9f8      0x6f4 /home/josepintor/Documentos/gcc-arm-none-eabi-4_9-2015q3/bin/../lib/gcc/arm-none-eabi/4.9.3/armv6-m/libgcc.a(subdf3.o)
                0x0001f9f8                __aeabi_dsub
 .text          0x000200ec       0x6c /home/josepintor/Documentos/gcc-arm-none-eabi-4_9-2015q3/bin/../lib/gcc/arm-none-eabi/4.9.3/armv6-m/libgcc.a(fixdfsi.o)
                0x000200ec                __aeabi_d2iz
 .text          0x00020158       0x78 /home/josepintor/Documentos/gcc-arm-none-eabi-4_9-2015q3/bin/../lib/gcc/arm-none-eabi/4.9.3/armv6-m/libgcc.a(floatsidf.o)
                0x00020158                __aeabi_i2d
 .text          0x000201d0       0x64 /home/josepintor/Documentos/gcc-arm-none-eabi-4_9-2015q3/bin/../lib/gcc/arm-none-eabi/4.9.3/armv6-m/libgcc.a(floatunsidf.o)
                0x000201d0                __aeabi_ui2d
 .text          0x00020234       0x3c /home/josepintor/Documentos/gcc-arm-none-eabi-4_9-2015q3/bin/../lib/gcc/arm-none-eabi/4.9.3/armv6-m/libgcc.a(_clzsi2.o)
                0x00020234                __clzsi2
 .text          0x00020270       0x54 /home/josepintor/Documentos/gcc-arm-none-eabi-4_9-2015q3/bin/../lib/gcc/arm-none-eabi/4.9.3/armv6-m/libgcc.a(_muldi3.o)
                0x00020270                __aeabi_lmul
                0x00020270                __muldi3
 .text          0x000202c4      0x1f0 /home/josepintor/Documentos/gcc-arm-none-eabi-4_9-2015q3/bin/../lib/gcc/arm-none-eabi/4.9.3/armv6-m/libgcc.a(_divdi3.o)
                0x000202c4                __divdi3
 .text          0x000204b4      0x158 /home/josepintor/Documentos/gcc-arm-none-eabi-4_9-2015q3/bin/../lib/gcc/arm-none-eabi/4.9.3/armv6-m/libgcc.a(_udivdi3.o)
                0x000204b4                __udivdi3
 .text          0x0002060c       0x18 /home/josepintor/Documentos/gcc-arm-none-eabi-4_9-2015q3/bin/../lib/gcc/arm-none-eabi/4.9.3/armv6-m/libgcc.a(_clzdi2.o)
                0x0002060c                __clzdi2
 .text.__errno  0x00020624        0xc /home/josepintor/Documentos/gcc-arm-none-eabi-4_9-2015q3/bin/../lib/gcc/arm-none-eabi/4.9.3/../../../../arm-none-eabi/lib/armv6-m/libc_nano.a(lib_a-errno.o)
                0x00020624                __errno
 .text.exit     0x00020630       0x2c /home/josepintor/Documentos/gcc-arm-none-eabi-4_9-2015q3/bin/../lib/gcc/arm-none-eabi/4.9.3/../../../../arm-none-eabi/lib/armv6-m/libc_nano.a(lib_a-exit.o)
                0x00020630                exit
 .text.__libc_init_array
                0x0002065c       0x4c /home/josepintor/Documentos/gcc-arm-none-eabi-4_9-2015q3/bin/../lib/gcc/arm-none-eabi/4.9.3/../../../../arm-none-eabi/lib/armv6-m/libc_nano.a(lib_a-init.o)
                0x0002065c                __libc_init_array
 .text.memcmp   0x000206a8       0x1e /home/josepintor/Documentos/gcc-arm-none-eabi-4_9-2015q3/bin/../lib/gcc/arm-none-eabi/4.9.3/../../../../arm-none-eabi/lib/armv6-m/libc_nano.a(lib_a-memcmp.o)
                0x000206a8                memcmp
 .text.memcpy   0x000206c6       0x12 /home/josepintor/Documentos/gcc-arm-none-eabi-4_9-2015q3/bin/../lib/gcc/arm-none-eabi/4.9.3/../../../../arm-none-eabi/lib/armv6-m/libc_nano.a(lib_a-memcpy.o)
                0x000206c6                memcpy
 .text.memset   0x000206d8       0x10 /home/josepintor/Documentos/gcc-arm-none-eabi-4_9-2015q3/bin/../lib/gcc/arm-none-eabi/4.9.3/../../../../arm-none-eabi/lib/armv6-m/libc_nano.a(lib_a-memset.o)
                0x000206d8                memset
 .text._free_r  0x000206e8       0x8c /home/josepintor/Documentos/gcc-arm-none-eabi-4_9-2015q3/bin/../lib/gcc/arm-none-eabi/4.9.3/../../../../arm-none-eabi/lib/armv6-m/libc_nano.a(lib_a-nano-freer.o)
                0x000206e8                _free_r
 .text._malloc_r
                0x00020774       0xb0 /home/josepintor/Documentos/gcc-arm-none-eabi-4_9-2015q3/bin/../lib/gcc/arm-none-eabi/4.9.3/../../../../arm-none-eabi/lib/armv6-m/libc_nano.a(lib_a-nano-mallocr.o)
                0x00020774                _malloc_r
 .text.printf   0x00020824       0x34 /home/josepintor/Documentos/gcc-arm-none-eabi-4_9-2015q3/bin/../lib/gcc/arm-none-eabi/4.9.3/../../../../arm-none-eabi/lib/armv6-m/libc_nano.a(lib_a-printf.o)
                0x00020824                printf
                0x00020824                iprintf
 .text._sbrk_r  0x00020858       0x24 /home/josepintor/Documentos/gcc-arm-none-eabi-4_9-2015q3/bin/../lib/gcc/arm-none-eabi/4.9.3/../../../../arm-none-eabi/lib/armv6-m/libc_nano.a(lib_a-sbrkr.o)
                0x00020858                _sbrk_r
 .text.sprintf  0x0002087c       0x44 /home/josepintor/Documentos/gcc-arm-none-eabi-4_9-2015q3/bin/../lib/gcc/arm-none-eabi/4.9.3/../../../../arm-none-eabi/lib/armv6-m/libc_nano.a(lib_a-sprintf.o)
                0x0002087c                sprintf
                0x0002087c                siprintf
 .text.strcpy   0x000208c0       0x10 /home/josepintor/Documentos/gcc-arm-none-eabi-4_9-2015q3/bin/../lib/gcc/arm-none-eabi/4.9.3/../../../../arm-none-eabi/lib/armv6-m/libc_nano.a(lib_a-strcpy.o)
                0x000208c0                strcpy
 .text.strlen   0x000208d0        0xe /home/josepintor/Documentos/gcc-arm-none-eabi-4_9-2015q3/bin/../lib/gcc/arm-none-eabi/4.9.3/../../../../arm-none-eabi/lib/armv6-m/libc_nano.a(lib_a-strlen.o)
                0x000208d0                strlen
 *fill*         0x000208de        0x2 
 .text._cleanup_r
                0x000208e0       0x10 /home/josepintor/Documentos/gcc-arm-none-eabi-4_9-2015q3/bin/../lib/gcc/arm-none-eabi/4.9.3/../../../../arm-none-eabi/lib/armv6-m/libc_nano.a(lib_a-findfp.o)
                0x000208e0                _cleanup_r
 .text.std.isra.0
                0x000208f0       0x48 /home/josepintor/Documentos/gcc-arm-none-eabi-4_9-2015q3/bin/../lib/gcc/arm-none-eabi/4.9.3/../../../../arm-none-eabi/lib/armv6-m/libc_nano.a(lib_a-findfp.o)
 .text.__sfmoreglue
                0x00020938       0x2c /home/josepintor/Documentos/gcc-arm-none-eabi-4_9-2015q3/bin/../lib/gcc/arm-none-eabi/4.9.3/../../../../arm-none-eabi/lib/armv6-m/libc_nano.a(lib_a-findfp.o)
                0x00020938                __sfmoreglue
 .text.__sinit  0x00020964       0x64 /home/josepintor/Documentos/gcc-arm-none-eabi-4_9-2015q3/bin/../lib/gcc/arm-none-eabi/4.9.3/../../../../arm-none-eabi/lib/armv6-m/libc_nano.a(lib_a-findfp.o)
                0x00020964                __sinit
 .text.__sfp    0x000209c8       0x7c /home/josepintor/Documentos/gcc-arm-none-eabi-4_9-2015q3/bin/../lib/gcc/arm-none-eabi/4.9.3/../../../../arm-none-eabi/lib/armv6-m/libc_nano.a(lib_a-findfp.o)
                0x000209c8                __sfp
 .text._fwalk_reent
                0x00020a44       0x42 /home/josepintor/Documentos/gcc-arm-none-eabi-4_9-2015q3/bin/../lib/gcc/arm-none-eabi/4.9.3/../../../../arm-none-eabi/lib/armv6-m/libc_nano.a(lib_a-fwalk.o)
                0x00020a44                _fwalk_reent
 *fill*         0x00020a86        0x2 
 .text.__ssputs_r
                0x00020a88       0xc0 /home/josepintor/Documentos/gcc-arm-none-eabi-4_9-2015q3/bin/../lib/gcc/arm-none-eabi/4.9.3/../../../../arm-none-eabi/lib/armv6-m/libc_nano.a(lib_a-nano-svfprintf.o)
                0x00020a88                __ssputs_r
 .text._svfprintf_r
                0x00020b48      0x1ec /home/josepintor/Documentos/gcc-arm-none-eabi-4_9-2015q3/bin/../lib/gcc/arm-none-eabi/4.9.3/../../../../arm-none-eabi/lib/armv6-m/libc_nano.a(lib_a-nano-svfprintf.o)
                0x00020b48                _svfprintf_r
                0x00020b48                _svfiprintf_r
 .text.__sfputc_r
                0x00020d34       0x2a /home/josepintor/Documentos/gcc-arm-none-eabi-4_9-2015q3/bin/../lib/gcc/arm-none-eabi/4.9.3/../../../../arm-none-eabi/lib/armv6-m/libc_nano.a(lib_a-nano-vfprintf.o)
 .text.__sfputs_r
                0x00020d5e       0x24 /home/josepintor/Documentos/gcc-arm-none-eabi-4_9-2015q3/bin/../lib/gcc/arm-none-eabi/4.9.3/../../../../arm-none-eabi/lib/armv6-m/libc_nano.a(lib_a-nano-vfprintf.o)
                0x00020d5e                __sfputs_r
 *fill*         0x00020d82        0x2 
 .text._vfprintf_r
                0x00020d84      0x220 /home/josepintor/Documentos/gcc-arm-none-eabi-4_9-2015q3/bin/../lib/gcc/arm-none-eabi/4.9.3/../../../../arm-none-eabi/lib/armv6-m/libc_nano.a(lib_a-nano-vfprintf.o)
                0x00020d84                _vfiprintf_r
                0x00020d84                _vfprintf_r
 .text._printf_common
                0x00020fa4       0xdc /home/josepintor/Documentos/gcc-arm-none-eabi-4_9-2015q3/bin/../lib/gcc/arm-none-eabi/4.9.3/../../../../arm-none-eabi/lib/armv6-m/libc_nano.a(lib_a-nano-vfprintf_i.o)
                0x00020fa4                _printf_common
 .text._printf_i
                0x00021080      0x230 /home/josepintor/Documentos/gcc-arm-none-eabi-4_9-2015q3/bin/../lib/gcc/arm-none-eabi/4.9.3/../../../../arm-none-eabi/lib/armv6-m/libc_nano.a(lib_a-nano-vfprintf_i.o)
                0x00021080                _printf_i
 .text.__sread  0x000212b0       0x28 /home/josepintor/Documentos/gcc-arm-none-eabi-4_9-2015q3/bin/../lib/gcc/arm-none-eabi/4.9.3/../../../../arm-none-eabi/lib/armv6-m/libc_nano.a(lib_a-stdio.o)
                0x000212b0                __sread
 .text.__swrite
                0x000212d8       0x38 /home/josepintor/Documentos/gcc-arm-none-eabi-4_9-2015q3/bin/../lib/gcc/arm-none-eabi/4.9.3/../../../../arm-none-eabi/lib/armv6-m/libc_nano.a(lib_a-stdio.o)
                0x000212d8                __swrite
 .text.__sseek  0x00021310       0x2c /home/josepintor/Documentos/gcc-arm-none-eabi-4_9-2015q3/bin/../lib/gcc/arm-none-eabi/4.9.3/../../../../arm-none-eabi/lib/armv6-m/libc_nano.a(lib_a-stdio.o)
                0x00021310                __sseek
 .text.__sclose
                0x0002133c        0xc /home/josepintor/Documentos/gcc-arm-none-eabi-4_9-2015q3/bin/../lib/gcc/arm-none-eabi/4.9.3/../../../../arm-none-eabi/lib/armv6-m/libc_nano.a(lib_a-stdio.o)
                0x0002133c                __sclose
 .text.__swbuf_r
                0x00021348       0xb0 /home/josepintor/Documentos/gcc-arm-none-eabi-4_9-2015q3/bin/../lib/gcc/arm-none-eabi/4.9.3/../../../../arm-none-eabi/lib/armv6-m/libc_nano.a(lib_a-wbuf.o)
                0x00021348                __swbuf_r
 .text._write_r
                0x000213f8       0x28 /home/josepintor/Documentos/gcc-arm-none-eabi-4_9-2015q3/bin/../lib/gcc/arm-none-eabi/4.9.3/../../../../arm-none-eabi/lib/armv6-m/libc_nano.a(lib_a-writer.o)
                0x000213f8                _write_r
 .text.__swsetup_r
                0x00021420       0xe8 /home/josepintor/Documentos/gcc-arm-none-eabi-4_9-2015q3/bin/../lib/gcc/arm-none-eabi/4.9.3/../../../../arm-none-eabi/lib/armv6-m/libc_nano.a(lib_a-wsetup.o)
                0x00021420                __swsetup_r
 .text._close_r
                0x00021508       0x24 /home/josepintor/Documentos/gcc-arm-none-eabi-4_9-2015q3/bin/../lib/gcc/arm-none-eabi/4.9.3/../../../../arm-none-eabi/lib/armv6-m/libc_nano.a(lib_a-closer.o)
                0x00021508                _close_r
 .text.__sflush_r
                0x0002152c      0x112 /home/josepintor/Documentos/gcc-arm-none-eabi-4_9-2015q3/bin/../lib/gcc/arm-none-eabi/4.9.3/../../../../arm-none-eabi/lib/armv6-m/libc_nano.a(lib_a-fflush.o)
                0x0002152c                __sflush_r
 *fill*         0x0002163e        0x2 
 .text._fflush_r
                0x00021640       0x58 /home/josepintor/Documentos/gcc-arm-none-eabi-4_9-2015q3/bin/../lib/gcc/arm-none-eabi/4.9.3/../../../../arm-none-eabi/lib/armv6-m/libc_nano.a(lib_a-fflush.o)
                0x00021640                _fflush_r
 .text._lseek_r
                0x00021698       0x28 /home/josepintor/Documentos/gcc-arm-none-eabi-4_9-2015q3/bin/../lib/gcc/arm-none-eabi/4.9.3/../../../../arm-none-eabi/lib/armv6-m/libc_nano.a(lib_a-lseekr.o)
                0x00021698                _lseek_r
 .text.__smakebuf_r
                0x000216c0       0xb0 /home/josepintor/Documentos/gcc-arm-none-eabi-4_9-2015q3/bin/../lib/gcc/arm-none-eabi/4.9.3/../../../../arm-none-eabi/lib/armv6-m/libc_nano.a(lib_a-makebuf.o)
                0x000216c0                __smakebuf_r
 .text.memchr   0x00021770       0x16 /home/josepintor/Documentos/gcc-arm-none-eabi-4_9-2015q3/bin/../lib/gcc/arm-none-eabi/4.9.3/../../../../arm-none-eabi/lib/armv6-m/libc_nano.a(lib_a-memchr.o)
                0x00021770                memchr
 .text.memmove  0x00021786       0x28 /home/josepintor/Documentos/gcc-arm-none-eabi-4_9-2015q3/bin/../lib/gcc/arm-none-eabi/4.9.3/../../../../arm-none-eabi/lib/armv6-m/libc_nano.a(lib_a-memmove.o)
                0x00021786                memmove
 .text._realloc_r
                0x000217ae       0x4c /home/josepintor/Documentos/gcc-arm-none-eabi-4_9-2015q3/bin/../lib/gcc/arm-none-eabi/4.9.3/../../../../arm-none-eabi/lib/armv6-m/libc_nano.a(lib_a-nano-reallocr.o)
                0x000217ae                _realloc_r
 *fill*         0x000217fa        0x2 
 .text._read_r  0x000217fc       0x28 /home/josepintor/Documentos/gcc-arm-none-eabi-4_9-2015q3/bin/../lib/gcc/arm-none-eabi/4.9.3/../../../../arm-none-eabi/lib/armv6-m/libc_nano.a(lib_a-readr.o)
                0x000217fc                _read_r
 .text._fstat_r
                0x00021824       0x24 /home/josepintor/Documentos/gcc-arm-none-eabi-4_9-2015q3/bin/../lib/gcc/arm-none-eabi/4.9.3/../../../../arm-none-eabi/lib/armv6-m/libc_nano.a(lib_a-fstatr.o)
                0x00021824                _fstat_r
 .text._isatty_r
                0x00021848       0x24 /home/josepintor/Documentos/gcc-arm-none-eabi-4_9-2015q3/bin/../lib/gcc/arm-none-eabi/4.9.3/../../../../arm-none-eabi/lib/armv6-m/libc_nano.a(lib_a-isattyr.o)
                0x00021848                _isatty_r
 .text._malloc_usable_size_r
                0x0002186c       0x16 /home/josepintor/Documentos/gcc-arm-none-eabi-4_9-2015q3/bin/../lib/gcc/arm-none-eabi/4.9.3/../../../../arm-none-eabi/lib/armv6-m/libc_nano.a(lib_a-nano-msizer.o)
                0x0002186c                _malloc_usable_size_r
 *fill*         0x00021882        0x2 
 .text._close   0x00021884       0x10 /home/josepintor/Documentos/gcc-arm-none-eabi-4_9-2015q3/bin/../lib/gcc/arm-none-eabi/4.9.3/../../../../arm-none-eabi/lib/armv6-m/libnosys.a(close.o)
                0x00021884                _close
 .text._fstat   0x00021894       0x10 /home/josepintor/Documentos/gcc-arm-none-eabi-4_9-2015q3/bin/../lib/gcc/arm-none-eabi/4.9.3/../../../../arm-none-eabi/lib/armv6-m/libnosys.a(fstat.o)
                0x00021894                _fstat
 .text._isatty  0x000218a4       0x10 /home/josepintor/Documentos/gcc-arm-none-eabi-4_9-2015q3/bin/../lib/gcc/arm-none-eabi/4.9.3/../../../../arm-none-eabi/lib/armv6-m/libnosys.a(isatty.o)
                0x000218a4                _isatty
 .text._lseek   0x000218b4       0x10 /home/josepintor/Documentos/gcc-arm-none-eabi-4_9-2015q3/bin/../lib/gcc/arm-none-eabi/4.9.3/../../../../arm-none-eabi/lib/armv6-m/libnosys.a(lseek.o)
                0x000218b4                _lseek
 .text._read    0x000218c4       0x10 /home/josepintor/Documentos/gcc-arm-none-eabi-4_9-2015q3/bin/../lib/gcc/arm-none-eabi/4.9.3/../../../../arm-none-eabi/lib/armv6-m/libnosys.a(read.o)
                0x000218c4                _read
 .text._sbrk    0x000218d4       0x1c /home/josepintor/Documentos/gcc-arm-none-eabi-4_9-2015q3/bin/../lib/gcc/arm-none-eabi/4.9.3/../../../../arm-none-eabi/lib/armv6-m/libnosys.a(sbrk.o)
                0x000218d4                _sbrk
 .text._write   0x000218f0       0x10 /home/josepintor/Documentos/gcc-arm-none-eabi-4_9-2015q3/bin/../lib/gcc/arm-none-eabi/4.9.3/../../../../arm-none-eabi/lib/armv6-m/libnosys.a(write.o)
                0x000218f0                _write
 .text._exit    0x00021900        0x4 /home/josepintor/Documentos/gcc-arm-none-eabi-4_9-2015q3/bin/../lib/gcc/arm-none-eabi/4.9.3/../../../../arm-none-eabi/lib/armv6-m/libnosys.a(_exit.o)
                0x00021900                _exit
 *(.init)
 .init          0x00021904        0x4 /home/josepintor/Documentos/gcc-arm-none-eabi-4_9-2015q3/bin/../lib/gcc/arm-none-eabi/4.9.3/armv6-m/crti.o
                0x00021904                _init
 .init          0x00021908        0x8 /home/josepintor/Documentos/gcc-arm-none-eabi-4_9-2015q3/bin/../lib/gcc/arm-none-eabi/4.9.3/armv6-m/crtn.o
 *(.fini)
 .fini          0x00021910        0x4 /home/josepintor/Documentos/gcc-arm-none-eabi-4_9-2015q3/bin/../lib/gcc/arm-none-eabi/4.9.3/armv6-m/crti.o
                0x00021910                _fini
 .fini          0x00021914        0x8 /home/josepintor/Documentos/gcc-arm-none-eabi-4_9-2015q3/bin/../lib/gcc/arm-none-eabi/4.9.3/armv6-m/crtn.o
 *crtbegin.o(.ctors)
 *crtbegin?.o(.ctors)
 *(EXCLUDE_FILE(*crtend.o *crtend?.o) .ctors)
 *(SORT(.ctors.*))
 *(.ctors)
 *crtbegin.o(.dtors)
 *crtbegin?.o(.dtors)
 *(EXCLUDE_FILE(*crtend.o *crtend?.o) .dtors)
 *(SORT(.dtors.*))
 *(.dtors)
 *(.rodata*)
 .rodata.str1.1
                0x0002191c       0xaf _build/init.o
 .rodata.str1.1
                0x000219cb       0x9f _build/utils.o
 .rodata        0x00021a6a       0x10 _build/ble_ambient.o
 .rodata.str1.1
                0x00021a7a      0x3d3 _build/main.o
 .rodata.str1.1
                0x00021e4d       0xba _build/SparkFunTSL2561.o
 .rodata.str1.1
                0x00021f07       0x11 _build/SparkFunMS1.o
 .rodata.str1.1
                0x00021f18      0x106 _build/temp.o
 .rodata.str1.1
                0x0002201e       0xfc _build/lum.o
 .rodata.str1.1
                0x0002211a       0xe9 _build/pr.o
 .rodata.str1.1
                0x00022203       0xef _build/hum.o
 .rodata.str1.1
                0x000222f2      0x10b _build/humsolo.o
 .rodata.str1.1
                0x000223fd       0xfa _build/battery.o
 .rodata.str1.1
                0x000224f7       0x53 _build/mpu9x50.o
 .rodata.str1.1
                0x0002254a       0x1f _build/fhp_gpio.o
 .rodata        0x00022569        0xa _build/nrf_pwm.o
 .rodata.str1.1
                0x00022573        0x9 _build/SEGGER_RTT.o
 .rodata.str1.1
                0x0002257c       0x59 _build/ble_dis.o
 .rodata.str1.1
                0x000225d5       0x5c _build/softdevice_handler.o
 .rodata.str1.1
                0x00022631       0x54 _build/app_timer.o
 *fill*         0x00022685        0x3 
 .rodata        0x00022688       0x34 _build/device_manager_peripheral.o
                0x00022688                m_service_context_store
                0x00022698                m_service_context_load
                0x000226a8                m_service_context_apply
                0x000226b8                m_context_init_len
 .rodata.str1.1
                0x000226bc       0x58 _build/app_scheduler.o
 .rodata.str1.4
                0x00022714        0x4 /home/josepintor/Documentos/gcc-arm-none-eabi-4_9-2015q3/bin/../lib/gcc/arm-none-eabi/4.9.3/../../../../arm-none-eabi/lib/armv6-m/libm.a(lib_a-w_pow.o)
 .rodata.dp_h   0x00022718       0x10 /home/josepintor/Documentos/gcc-arm-none-eabi-4_9-2015q3/bin/../lib/gcc/arm-none-eabi/4.9.3/../../../../arm-none-eabi/lib/armv6-m/libm.a(lib_a-e_pow.o)
 .rodata.dp_l   0x00022728       0x10 /home/josepintor/Documentos/gcc-arm-none-eabi-4_9-2015q3/bin/../lib/gcc/arm-none-eabi/4.9.3/../../../../arm-none-eabi/lib/armv6-m/libm.a(lib_a-e_pow.o)
 .rodata.bp     0x00022738       0x10 /home/josepintor/Documentos/gcc-arm-none-eabi-4_9-2015q3/bin/../lib/gcc/arm-none-eabi/4.9.3/../../../../arm-none-eabi/lib/armv6-m/libm.a(lib_a-e_pow.o)
 .rodata.str1.4
                0x00022748        0x4 /home/josepintor/Documentos/gcc-arm-none-eabi-4_9-2015q3/bin/../lib/gcc/arm-none-eabi/4.9.3/../../../../arm-none-eabi/lib/armv6-m/libm.a(lib_a-e_pow.o)
                                  0x1 (size before relaxing)
 *fill*         0x0002274c        0x4 
 .rodata.TWO52  0x00022750       0x10 /home/josepintor/Documentos/gcc-arm-none-eabi-4_9-2015q3/bin/../lib/gcc/arm-none-eabi/4.9.3/../../../../arm-none-eabi/lib/armv6-m/libm.a(lib_a-s_rint.o)
 .rodata        0x00022760       0x40 /home/josepintor/Documentos/gcc-arm-none-eabi-4_9-2015q3/bin/../lib/gcc/arm-none-eabi/4.9.3/armv6-m/libgcc.a(divdf3.o)
 .rodata        0x000227a0       0x40 /home/josepintor/Documentos/gcc-arm-none-eabi-4_9-2015q3/bin/../lib/gcc/arm-none-eabi/4.9.3/armv6-m/libgcc.a(muldf3.o)
 .rodata.str1.1
                0x000227e0        0x2 /home/josepintor/Documentos/gcc-arm-none-eabi-4_9-2015q3/bin/../lib/gcc/arm-none-eabi/4.9.3/../../../../arm-none-eabi/lib/armv6-m/libc_nano.a(lib_a-impure.o)
 *fill*         0x000227e2        0x2 
 .rodata._global_impure_ptr
                0x000227e4        0x4 /home/josepintor/Documentos/gcc-arm-none-eabi-4_9-2015q3/bin/../lib/gcc/arm-none-eabi/4.9.3/../../../../arm-none-eabi/lib/armv6-m/libc_nano.a(lib_a-impure.o)
                0x000227e4                _global_impure_ptr
 .rodata.__sf_fake_stdin
                0x000227e8       0x20 /home/josepintor/Documentos/gcc-arm-none-eabi-4_9-2015q3/bin/../lib/gcc/arm-none-eabi/4.9.3/../../../../arm-none-eabi/lib/armv6-m/libc_nano.a(lib_a-findfp.o)
                0x000227e8                __sf_fake_stdin
 .rodata.__sf_fake_stdout
                0x00022808       0x20 /home/josepintor/Documentos/gcc-arm-none-eabi-4_9-2015q3/bin/../lib/gcc/arm-none-eabi/4.9.3/../../../../arm-none-eabi/lib/armv6-m/libc_nano.a(lib_a-findfp.o)
                0x00022808                __sf_fake_stdout
 .rodata.__sf_fake_stderr
                0x00022828       0x20 /home/josepintor/Documentos/gcc-arm-none-eabi-4_9-2015q3/bin/../lib/gcc/arm-none-eabi/4.9.3/../../../../arm-none-eabi/lib/armv6-m/libc_nano.a(lib_a-findfp.o)
                0x00022828                __sf_fake_stderr
 .rodata.str1.1
                0x00022848       0x11 /home/josepintor/Documentos/gcc-arm-none-eabi-4_9-2015q3/bin/../lib/gcc/arm-none-eabi/4.9.3/../../../../arm-none-eabi/lib/armv6-m/libc_nano.a(lib_a-nano-svfprintf.o)
 .rodata.str1.1
                0x00000000       0x11 /home/josepintor/Documentos/gcc-arm-none-eabi-4_9-2015q3/bin/../lib/gcc/arm-none-eabi/4.9.3/../../../../arm-none-eabi/lib/armv6-m/libc_nano.a(lib_a-nano-vfprintf.o)
 .rodata.str1.1
                0x00022859       0x22 /home/josepintor/Documentos/gcc-arm-none-eabi-4_9-2015q3/bin/../lib/gcc/arm-none-eabi/4.9.3/../../../../arm-none-eabi/lib/armv6-m/libc_nano.a(lib_a-nano-vfprintf_i.o)
 *(.eh_frame*)

.glue_7         0x0002287c        0x0
 .glue_7        0x00000000        0x0 linker stubs

.glue_7t        0x0002287c        0x0
 .glue_7t       0x00000000        0x0 linker stubs

.vfp11_veneer   0x0002287c        0x0
 .vfp11_veneer  0x00000000        0x0 linker stubs

.v4_bx          0x0002287c        0x0
 .v4_bx         0x00000000        0x0 linker stubs

.iplt           0x0002287c        0x0
 .iplt          0x00000000        0x0 /home/josepintor/Documentos/gcc-arm-none-eabi-4_9-2015q3/bin/../lib/gcc/arm-none-eabi/4.9.3/armv6-m/crtbegin.o

.ARM.extab
 *(.ARM.extab* .gnu.linkonce.armextab.*)
                0x0002287c                __exidx_start = .

.ARM.exidx      0x0002287c        0x8
 *(.ARM.exidx* .gnu.linkonce.armexidx.*)
 .ARM.exidx     0x0002287c        0x8 /home/josepintor/Documentos/gcc-arm-none-eabi-4_9-2015q3/bin/../lib/gcc/arm-none-eabi/4.9.3/../../../../arm-none-eabi/lib/armv6-m/crt0.o
 .ARM.exidx     0x00022884        0x0 _build/gcc_startup_nrf51.o
                                  0x8 (size before relaxing)
 .ARM.exidx     0x00022884        0x0 /home/josepintor/Documentos/gcc-arm-none-eabi-4_9-2015q3/bin/../lib/gcc/arm-none-eabi/4.9.3/armv6-m/libgcc.a(_divdi3.o)
                                  0x8 (size before relaxing)
 .ARM.exidx     0x00022884        0x0 /home/josepintor/Documentos/gcc-arm-none-eabi-4_9-2015q3/bin/../lib/gcc/arm-none-eabi/4.9.3/armv6-m/libgcc.a(_udivdi3.o)
                                  0x8 (size before relaxing)
                0x00022884                __exidx_end = .
                0x00022884                __etext = .

.rel.dyn        0x00022884        0x0
 .rel.iplt      0x00000000        0x0 /home/josepintor/Documentos/gcc-arm-none-eabi-4_9-2015q3/bin/../lib/gcc/arm-none-eabi/4.9.3/armv6-m/crtbegin.o

.data           0x20002000      0x138 load address 0x00022884
                0x20002000                __data_start__ = .
 *(vtable)
 *(.data*)
 .data          0x20002000        0x2 _build/main.o
 *fill*         0x20002002        0x2 
 .data          0x20002004       0x13 _build/SparkFunTSL2561.o
                0x20002004                TSL2561_ADDR
                0x20002005                TSL2561_CMD_CLEAR
                0x20002006                TSL2561_CMD
                0x20002007                TSL2561_REG_ID
                0x20002008                TSL2561_REG_TIMING
                0x2000200c                ms
                0x20002010                TSL2561_REG_INTCTL
                0x20002011                TSL2561_REG_DATA_0
                0x20002012                TSL2561_REG_DATA_1
                0x20002013                TSL2561_REG_THRESH_L
                0x20002014                TSL2561_REG_THRESH_H
                0x20002015                TSL2561_ADDR_1
                0x20002016                TSL2561_ADDR_0
 .data          0x20002017        0x1 _build/mpu9x50.o
 .data          0x20002018       0x3c _build/fhp_gpio.o
 .data          0x20002054        0x4 _build/nrf_pwm.o
 .data          0x20002058       0x78 _build/SEGGER_RTT.o
 .data.__fdlib_version
                0x200020d0        0x1 /home/josepintor/Documentos/gcc-arm-none-eabi-4_9-2015q3/bin/../lib/gcc/arm-none-eabi/4.9.3/../../../../arm-none-eabi/lib/armv6-m/libm.a(lib_a-s_lib_ver.o)
                0x200020d0                __fdlib_version
 *fill*         0x200020d1        0x3 
 .data.impure_data
                0x200020d4       0x60 /home/josepintor/Documentos/gcc-arm-none-eabi-4_9-2015q3/bin/../lib/gcc/arm-none-eabi/4.9.3/../../../../arm-none-eabi/lib/armv6-m/libc_nano.a(lib_a-impure.o)
 .data._impure_ptr
                0x20002134        0x4 /home/josepintor/Documentos/gcc-arm-none-eabi-4_9-2015q3/bin/../lib/gcc/arm-none-eabi/4.9.3/../../../../arm-none-eabi/lib/armv6-m/libc_nano.a(lib_a-impure.o)
                0x20002134                _impure_ptr
                0x20002138                . = ALIGN (0x4)
                0x20002138                PROVIDE (__preinit_array_start, .)
 *(.preinit_array)
                0x20002138                PROVIDE (__preinit_array_end, .)
                0x20002138                . = ALIGN (0x4)
                0x20002138                PROVIDE (__init_array_start, .)
 *(SORT(.init_array.*))
 *(.init_array)
                0x20002138                PROVIDE (__init_array_end, .)
                0x20002138                . = ALIGN (0x4)
                0x20002138                PROVIDE (__fini_array_start, .)
 *(SORT(.fini_array.*))
 *(.fini_array)
                0x20002138                PROVIDE (__fini_array_end, .)
 *(.jcr)
                0x20002138                . = ALIGN (0x4)
                0x20002138                __data_end__ = .

.igot.plt       0x20002138        0x0 load address 0x000229bc
 .igot.plt      0x00000000        0x0 /home/josepintor/Documentos/gcc-arm-none-eabi-4_9-2015q3/bin/../lib/gcc/arm-none-eabi/4.9.3/armv6-m/crtbegin.o

.bss            0x20002138     0x134c load address 0x000229c0
                0x20002138                . = ALIGN (0x4)
                0x20002138                __bss_start__ = .
 *(.bss*)
 .bss           0x20002138      0x9d4 _build/init.o
 .bss           0x20002b0c       0x50 _build/ble_ambient.o
 .bss           0x20002b5c        0x4 _build/SparkFunTSL2561.o
                0x20002b5c                TSL2561_REG_CONTROL
                0x20002b5d                time
                0x20002b5e                good
                0x20002b5f                error
 .bss           0x20002b60        0x2 _build/battery.o
 .bss           0x20002b62        0x1 _build/max1161x.o
 *fill*         0x20002b63        0x1 
 .bss           0x20002b64       0x11 _build/mpu9x50.o
 .bss           0x20002b75        0x1 _build/max17048.o
 .bss           0x20002b76        0x3 _build/pca9538.o
 *fill*         0x20002b79        0x3 
 .bss           0x20002b7c       0x58 _build/nrf_pwm.o
 .bss           0x20002bd4        0x4 _build/bme280.o
 .bss           0x20002bd8      0x411 _build/SEGGER_RTT.o
 *fill*         0x20002fe9        0x1 
 .bss           0x20002fea       0x4a _build/ble_dis.o
 .bss           0x20003034       0x18 _build/softdevice_handler.o
 .bss           0x2000304c       0x35 _build/ble_conn_params.o
 *fill*         0x20003081        0x3 
 .bss           0x20003084       0x29 _build/app_timer.o
 *fill*         0x200030ad        0x3 
 .bss           0x200030b0       0xf8 _build/pstorage.o
 .bss           0x200031a8      0x120 _build/device_manager_peripheral.o
 .bss           0x200032c8        0xa _build/app_gpiote.o
 *fill*         0x200032d2        0x2 
 .bss           0x200032d4        0xe _build/app_scheduler.o
 *fill*         0x200032e2        0x2 
 .bss.__malloc_sbrk_start
                0x200032e4        0x4 /home/josepintor/Documentos/gcc-arm-none-eabi-4_9-2015q3/bin/../lib/gcc/arm-none-eabi/4.9.3/../../../../arm-none-eabi/lib/armv6-m/libc_nano.a(lib_a-nano-mallocr.o)
                0x200032e4                __malloc_sbrk_start
 .bss.__malloc_free_list
                0x200032e8        0x4 /home/josepintor/Documentos/gcc-arm-none-eabi-4_9-2015q3/bin/../lib/gcc/arm-none-eabi/4.9.3/../../../../arm-none-eabi/lib/armv6-m/libc_nano.a(lib_a-nano-mallocr.o)
                0x200032e8                __malloc_free_list
 .bss.heap_end.4079
                0x200032ec        0x4 /home/josepintor/Documentos/gcc-arm-none-eabi-4_9-2015q3/bin/../lib/gcc/arm-none-eabi/4.9.3/../../../../arm-none-eabi/lib/armv6-m/libnosys.a(sbrk.o)
 *(COMMON)
 COMMON         0x200032f0      0x14c _build/init.o
                0x200032f0                m_gauge_timer_id
                0x200032f8                m_humsolo
                0x20003318                m_gpiote_user_ch
                0x20003319                _i2c_address
                0x2000331c                m_watchdog_timer_id
                0x20003320                twi_busy
                0x20003321                m_app_handle
                0x20003328                m_pr
                0x20003348                high_voltage_on
                0x20003350                m_hum
                0x20003370                low_battery
                0x20003374                m_amb
                0x200033f0                m_temp
                0x20003410                _error
                0x20003418                m_lum
                0x20003438                m_base_timer_id
 COMMON         0x2000343c        0x4 _build/SparkFunTSL2561.o
                0x2000343c                data1
                0x2000343d                ID
                0x2000343e                data0
                0x2000343f                gain
 COMMON         0x20003440        0x1 _build/mpu9x50.o
                0x20003440                device_address
 *fill*         0x20003441        0x3 
 COMMON         0x20003444       0x3c _build/bme280.o
                0x20003444                bme280
 COMMON         0x20003480        0x4 /home/josepintor/Documentos/gcc-arm-none-eabi-4_9-2015q3/bin/../lib/gcc/arm-none-eabi/4.9.3/../../../../arm-none-eabi/lib/armv6-m/libc_nano.a(lib_a-reent.o)
                0x20003480                errno
                0x20003484                . = ALIGN (0x4)
                0x20003484                __bss_end__ = .

.heap           0x20003488        0x0
                0x20003488                __end__ = .
                0x20003488                end = __end__
 *(.heap*)
 .heap          0x20003488        0x0 _build/gcc_startup_nrf51.o
                0x20003488                __HeapLimit = .

.stack_dummy    0x20003488      0x800
 *(.stack*)
 .stack         0x20003488      0x800 _build/gcc_startup_nrf51.o
                0x20004000                __StackTop = (ORIGIN (RAM) + 0x2000)
                0x20003800                __StackLimit = (__StackTop - SIZEOF (.stack_dummy))
                0x20004000                PROVIDE (__stack, __StackTop)
                0x00000001                ASSERT ((__StackLimit >= __HeapLimit), region RAM overflowed with stack)
OUTPUT(_build/setec_s110_xxaa.out elf32-littlearm)

.ARM.attributes
                0x00000000       0x28
 .ARM.attributes
                0x00000000       0x1e /home/josepintor/Documentos/gcc-arm-none-eabi-4_9-2015q3/bin/../lib/gcc/arm-none-eabi/4.9.3/armv6-m/crti.o
 .ARM.attributes
                0x0000001e       0x1b /home/josepintor/Documentos/gcc-arm-none-eabi-4_9-2015q3/bin/../lib/gcc/arm-none-eabi/4.9.3/../../../../arm-none-eabi/lib/armv6-m/crt0.o
 .ARM.attributes
                0x00000039       0x31 _build/init.o
 .ARM.attributes
                0x0000006a       0x31 _build/utils.o
 .ARM.attributes
                0x0000009b       0x31 _build/ble_ambient.o
 .ARM.attributes
                0x000000cc       0x31 _build/main.o
 .ARM.attributes
                0x000000fd       0x31 _build/SparkFunTSL2561.o
 .ARM.attributes
                0x0000012e       0x31 _build/SparkFunMS1.o
 .ARM.attributes
                0x0000015f       0x31 _build/temp.o
 .ARM.attributes
                0x00000190       0x31 _build/lum.o
 .ARM.attributes
                0x000001c1       0x31 _build/pr.o
 .ARM.attributes
                0x000001f2       0x31 _build/hum.o
 .ARM.attributes
                0x00000223       0x31 _build/humsolo.o
 .ARM.attributes
                0x00000254       0x31 _build/battery.o
 .ARM.attributes
                0x00000285       0x31 _build/max1161x.o
 .ARM.attributes
                0x000002b6       0x31 _build/mpu9x50.o
 .ARM.attributes
                0x000002e7       0x31 _build/max17048.o
 .ARM.attributes
                0x00000318       0x31 _build/pca9538.o
 .ARM.attributes
                0x00000349       0x31 _build/fhp_gpio.o
 .ARM.attributes
                0x0000037a       0x31 _build/nrf_pwm.o
 .ARM.attributes
                0x000003ab       0x31 _build/bme280.o
 .ARM.attributes
                0x000003dc       0x31 _build/SEGGER_RTT.o
 .ARM.attributes
                0x0000040d       0x31 _build/twi_hw_master.o
 .ARM.attributes
                0x0000043e       0x31 _build/ble_dis.o
 .ARM.attributes
                0x0000046f       0x31 _build/ble_srv_common.o
 .ARM.attributes
                0x000004a0       0x31 _build/softdevice_handler.o
 .ARM.attributes
                0x000004d1       0x31 _build/ble_advdata.o
 .ARM.attributes
                0x00000502       0x31 _build/ble_conn_params.o
 .ARM.attributes
                0x00000533       0x31 _build/app_timer.o
 .ARM.attributes
                0x00000564       0x31 _build/pstorage.o
 .ARM.attributes
                0x00000595       0x31 _build/device_manager_peripheral.o
 .ARM.attributes
                0x000005c6       0x31 _build/app_gpiote.o
 .ARM.attributes
                0x000005f7       0x31 _build/nrf_delay.o
 .ARM.attributes
                0x00000628       0x31 _build/app_scheduler.o
 .ARM.attributes
                0x00000659       0x31 _build/system_nrf51.o
 .ARM.attributes
                0x0000068a       0x1b _build/gcc_startup_nrf51.o
 .ARM.attributes
                0x000006a5       0x2c /home/josepintor/Documentos/gcc-arm-none-eabi-4_9-2015q3/bin/../lib/gcc/arm-none-eabi/4.9.3/../../../../arm-none-eabi/lib/armv6-m/libm.a(lib_a-w_pow.o)
 .ARM.attributes
                0x000006d1       0x2c /home/josepintor/Documentos/gcc-arm-none-eabi-4_9-2015q3/bin/../lib/gcc/arm-none-eabi/4.9.3/../../../../arm-none-eabi/lib/armv6-m/libm.a(lib_a-e_pow.o)
 .ARM.attributes
                0x000006fd       0x2c /home/josepintor/Documentos/gcc-arm-none-eabi-4_9-2015q3/bin/../lib/gcc/arm-none-eabi/4.9.3/../../../../arm-none-eabi/lib/armv6-m/libm.a(lib_a-e_sqrt.o)
 .ARM.attributes
                0x00000729       0x2c /home/josepintor/Documentos/gcc-arm-none-eabi-4_9-2015q3/bin/../lib/gcc/arm-none-eabi/4.9.3/../../../../arm-none-eabi/lib/armv6-m/libm.a(lib_a-s_fabs.o)
 .ARM.attributes
                0x00000755       0x2c /home/josepintor/Documentos/gcc-arm-none-eabi-4_9-2015q3/bin/../lib/gcc/arm-none-eabi/4.9.3/../../../../arm-none-eabi/lib/armv6-m/libm.a(lib_a-s_finite.o)
 .ARM.attributes
                0x00000781       0x2c /home/josepintor/Documentos/gcc-arm-none-eabi-4_9-2015q3/bin/../lib/gcc/arm-none-eabi/4.9.3/../../../../arm-none-eabi/lib/armv6-m/libm.a(lib_a-s_fpclassify.o)
 .ARM.attributes
                0x000007ad       0x2c /home/josepintor/Documentos/gcc-arm-none-eabi-4_9-2015q3/bin/../lib/gcc/arm-none-eabi/4.9.3/../../../../arm-none-eabi/lib/armv6-m/libm.a(lib_a-s_lib_ver.o)
 .ARM.attributes
                0x000007d9       0x2c /home/josepintor/Documentos/gcc-arm-none-eabi-4_9-2015q3/bin/../lib/gcc/arm-none-eabi/4.9.3/../../../../arm-none-eabi/lib/armv6-m/libm.a(lib_a-s_matherr.o)
 .ARM.attributes
                0x00000805       0x2c /home/josepintor/Documentos/gcc-arm-none-eabi-4_9-2015q3/bin/../lib/gcc/arm-none-eabi/4.9.3/../../../../arm-none-eabi/lib/armv6-m/libm.a(lib_a-s_nan.o)
 .ARM.attributes
                0x00000831       0x2c /home/josepintor/Documentos/gcc-arm-none-eabi-4_9-2015q3/bin/../lib/gcc/arm-none-eabi/4.9.3/../../../../arm-none-eabi/lib/armv6-m/libm.a(lib_a-s_rint.o)
 .ARM.attributes
                0x0000085d       0x2c /home/josepintor/Documentos/gcc-arm-none-eabi-4_9-2015q3/bin/../lib/gcc/arm-none-eabi/4.9.3/../../../../arm-none-eabi/lib/armv6-m/libm.a(lib_a-s_scalbn.o)
 .ARM.attributes
                0x00000889       0x2c /home/josepintor/Documentos/gcc-arm-none-eabi-4_9-2015q3/bin/../lib/gcc/arm-none-eabi/4.9.3/../../../../arm-none-eabi/lib/armv6-m/libm.a(lib_a-s_copysign.o)
 .ARM.attributes
                0x000008b5       0x1e /home/josepintor/Documentos/gcc-arm-none-eabi-4_9-2015q3/bin/../lib/gcc/arm-none-eabi/4.9.3/armv6-m/libgcc.a(_thumb1_case_uqi.o)
 .ARM.attributes
                0x000008d3       0x1e /home/josepintor/Documentos/gcc-arm-none-eabi-4_9-2015q3/bin/../lib/gcc/arm-none-eabi/4.9.3/armv6-m/libgcc.a(_udivsi3.o)
 .ARM.attributes
                0x000008f1       0x1e /home/josepintor/Documentos/gcc-arm-none-eabi-4_9-2015q3/bin/../lib/gcc/arm-none-eabi/4.9.3/armv6-m/libgcc.a(_divsi3.o)
 .ARM.attributes
                0x0000090f       0x1e /home/josepintor/Documentos/gcc-arm-none-eabi-4_9-2015q3/bin/../lib/gcc/arm-none-eabi/4.9.3/armv6-m/libgcc.a(_dvmd_tls.o)
 .ARM.attributes
                0x0000092d       0x1e /home/josepintor/Documentos/gcc-arm-none-eabi-4_9-2015q3/bin/../lib/gcc/arm-none-eabi/4.9.3/armv6-m/libgcc.a(_arm_cmpdf2.o)
 .ARM.attributes
                0x0000094b       0x1e /home/josepintor/Documentos/gcc-arm-none-eabi-4_9-2015q3/bin/../lib/gcc/arm-none-eabi/4.9.3/armv6-m/libgcc.a(_aeabi_uldivmod.o)
 .ARM.attributes
                0x00000969       0x2c /home/josepintor/Documentos/gcc-arm-none-eabi-4_9-2015q3/bin/../lib/gcc/arm-none-eabi/4.9.3/armv6-m/libgcc.a(_fixunsdfsi.o)
 .ARM.attributes
                0x00000995       0x2c /home/josepintor/Documentos/gcc-arm-none-eabi-4_9-2015q3/bin/../lib/gcc/arm-none-eabi/4.9.3/armv6-m/libgcc.a(bpabi.o)
 .ARM.attributes
                0x000009c1       0x2c /home/josepintor/Documentos/gcc-arm-none-eabi-4_9-2015q3/bin/../lib/gcc/arm-none-eabi/4.9.3/armv6-m/libgcc.a(adddf3.o)
 .ARM.attributes
                0x000009ed       0x2c /home/josepintor/Documentos/gcc-arm-none-eabi-4_9-2015q3/bin/../lib/gcc/arm-none-eabi/4.9.3/armv6-m/libgcc.a(divdf3.o)
 .ARM.attributes
                0x00000a19       0x2c /home/josepintor/Documentos/gcc-arm-none-eabi-4_9-2015q3/bin/../lib/gcc/arm-none-eabi/4.9.3/armv6-m/libgcc.a(eqdf2.o)
 .ARM.attributes
                0x00000a45       0x2c /home/josepintor/Documentos/gcc-arm-none-eabi-4_9-2015q3/bin/../lib/gcc/arm-none-eabi/4.9.3/armv6-m/libgcc.a(gedf2.o)
 .ARM.attributes
                0x00000a71       0x2c /home/josepintor/Documentos/gcc-arm-none-eabi-4_9-2015q3/bin/../lib/gcc/arm-none-eabi/4.9.3/armv6-m/libgcc.a(ledf2.o)
 .ARM.attributes
                0x00000a9d       0x2c /home/josepintor/Documentos/gcc-arm-none-eabi-4_9-2015q3/bin/../lib/gcc/arm-none-eabi/4.9.3/armv6-m/libgcc.a(muldf3.o)
 .ARM.attributes
                0x00000ac9       0x2c /home/josepintor/Documentos/gcc-arm-none-eabi-4_9-2015q3/bin/../lib/gcc/arm-none-eabi/4.9.3/armv6-m/libgcc.a(subdf3.o)
 .ARM.attributes
                0x00000af5       0x2c /home/josepintor/Documentos/gcc-arm-none-eabi-4_9-2015q3/bin/../lib/gcc/arm-none-eabi/4.9.3/armv6-m/libgcc.a(fixdfsi.o)
 .ARM.attributes
                0x00000b21       0x2c /home/josepintor/Documentos/gcc-arm-none-eabi-4_9-2015q3/bin/../lib/gcc/arm-none-eabi/4.9.3/armv6-m/libgcc.a(floatsidf.o)
 .ARM.attributes
                0x00000b4d       0x2c /home/josepintor/Documentos/gcc-arm-none-eabi-4_9-2015q3/bin/../lib/gcc/arm-none-eabi/4.9.3/armv6-m/libgcc.a(floatunsidf.o)
 .ARM.attributes
                0x00000b79       0x1e /home/josepintor/Documentos/gcc-arm-none-eabi-4_9-2015q3/bin/../lib/gcc/arm-none-eabi/4.9.3/armv6-m/libgcc.a(_clzsi2.o)
 .ARM.attributes
                0x00000b97       0x2c /home/josepintor/Documentos/gcc-arm-none-eabi-4_9-2015q3/bin/../lib/gcc/arm-none-eabi/4.9.3/armv6-m/libgcc.a(_muldi3.o)
 .ARM.attributes
                0x00000bc3       0x2c /home/josepintor/Documentos/gcc-arm-none-eabi-4_9-2015q3/bin/../lib/gcc/arm-none-eabi/4.9.3/armv6-m/libgcc.a(_divdi3.o)
 .ARM.attributes
                0x00000bef       0x2c /home/josepintor/Documentos/gcc-arm-none-eabi-4_9-2015q3/bin/../lib/gcc/arm-none-eabi/4.9.3/armv6-m/libgcc.a(_udivdi3.o)
 .ARM.attributes
                0x00000c1b       0x1e /home/josepintor/Documentos/gcc-arm-none-eabi-4_9-2015q3/bin/../lib/gcc/arm-none-eabi/4.9.3/armv6-m/libgcc.a(_clzdi2.o)
 .ARM.attributes
                0x00000c39       0x2c /home/josepintor/Documentos/gcc-arm-none-eabi-4_9-2015q3/bin/../lib/gcc/arm-none-eabi/4.9.3/../../../../arm-none-eabi/lib/armv6-m/libc_nano.a(lib_a-errno.o)
 .ARM.attributes
                0x00000c65       0x2c /home/josepintor/Documentos/gcc-arm-none-eabi-4_9-2015q3/bin/../lib/gcc/arm-none-eabi/4.9.3/../../../../arm-none-eabi/lib/armv6-m/libc_nano.a(lib_a-exit.o)
 .ARM.attributes
                0x00000c91       0x2c /home/josepintor/Documentos/gcc-arm-none-eabi-4_9-2015q3/bin/../lib/gcc/arm-none-eabi/4.9.3/../../../../arm-none-eabi/lib/armv6-m/libc_nano.a(lib_a-impure.o)
 .ARM.attributes
                0x00000cbd       0x2c /home/josepintor/Documentos/gcc-arm-none-eabi-4_9-2015q3/bin/../lib/gcc/arm-none-eabi/4.9.3/../../../../arm-none-eabi/lib/armv6-m/libc_nano.a(lib_a-init.o)
 .ARM.attributes
                0x00000ce9       0x2c /home/josepintor/Documentos/gcc-arm-none-eabi-4_9-2015q3/bin/../lib/gcc/arm-none-eabi/4.9.3/../../../../arm-none-eabi/lib/armv6-m/libc_nano.a(lib_a-memcmp.o)
 .ARM.attributes
                0x00000d15       0x2c /home/josepintor/Documentos/gcc-arm-none-eabi-4_9-2015q3/bin/../lib/gcc/arm-none-eabi/4.9.3/../../../../arm-none-eabi/lib/armv6-m/libc_nano.a(lib_a-memcpy.o)
 .ARM.attributes
                0x00000d41       0x2c /home/josepintor/Documentos/gcc-arm-none-eabi-4_9-2015q3/bin/../lib/gcc/arm-none-eabi/4.9.3/../../../../arm-none-eabi/lib/armv6-m/libc_nano.a(lib_a-memset.o)
 .ARM.attributes
                0x00000d6d       0x2c /home/josepintor/Documentos/gcc-arm-none-eabi-4_9-2015q3/bin/../lib/gcc/arm-none-eabi/4.9.3/../../../../arm-none-eabi/lib/armv6-m/libc_nano.a(lib_a-nano-freer.o)
 .ARM.attributes
                0x00000d99       0x2c /home/josepintor/Documentos/gcc-arm-none-eabi-4_9-2015q3/bin/../lib/gcc/arm-none-eabi/4.9.3/../../../../arm-none-eabi/lib/armv6-m/libc_nano.a(lib_a-nano-mallocr.o)
 .ARM.attributes
                0x00000dc5       0x2c /home/josepintor/Documentos/gcc-arm-none-eabi-4_9-2015q3/bin/../lib/gcc/arm-none-eabi/4.9.3/../../../../arm-none-eabi/lib/armv6-m/libc_nano.a(lib_a-printf.o)
 .ARM.attributes
                0x00000df1       0x2c /home/josepintor/Documentos/gcc-arm-none-eabi-4_9-2015q3/bin/../lib/gcc/arm-none-eabi/4.9.3/../../../../arm-none-eabi/lib/armv6-m/libc_nano.a(lib_a-sbrkr.o)
 .ARM.attributes
                0x00000e1d       0x2c /home/josepintor/Documentos/gcc-arm-none-eabi-4_9-2015q3/bin/../lib/gcc/arm-none-eabi/4.9.3/../../../../arm-none-eabi/lib/armv6-m/libc_nano.a(lib_a-sprintf.o)
 .ARM.attributes
                0x00000e49       0x2c /home/josepintor/Documentos/gcc-arm-none-eabi-4_9-2015q3/bin/../lib/gcc/arm-none-eabi/4.9.3/../../../../arm-none-eabi/lib/armv6-m/libc_nano.a(lib_a-strcpy.o)
 .ARM.attributes
                0x00000e75       0x2c /home/josepintor/Documentos/gcc-arm-none-eabi-4_9-2015q3/bin/../lib/gcc/arm-none-eabi/4.9.3/../../../../arm-none-eabi/lib/armv6-m/libc_nano.a(lib_a-strlen.o)
 .ARM.attributes